===================================================================
Aggregating mitochondrial gene metadata
Started: Fr Jul 17 10:39:17 CEST 2026
===================================================================
Processing gene COI...
Processing gene CYTB...
Processing gene ND2...
Processing gene CO2...
Wrote 145 sample metadata rows to: /media/inter/mkapun/projects/Tityra/results/combined_mito_genes_assembly/mito_gene_metadata.tsv

===================================================================
Metadata aggregation completed: Fr Jul 17 10:39:18 CEST 2026
===================================================================

Table saved to: /media/inter/mkapun/projects/Tityra/results/combined_mito_genes_assembly/mito_gene_metadata.tsv
===================================================================
Aggregating mitochondrial gene metadata
Started: Fr Jul 17 10:48:24 CEST 2026
===================================================================
Wrote 67 sample metadata rows to: /media/inter/mkapun/projects/Tityra/results/concatenated_genes_assembly/mito_gene_metadata.tsv

===================================================================
Metadata aggregation completed: Fr Jul 17 10:48:24 CEST 2026
===================================================================

Table saved to: /media/inter/mkapun/projects/Tityra/results/concatenated_genes_assembly/mito_gene_metadata.tsv
===================================================================
Aggregating mitochondrial gene metadata
Started: Fr Jul 17 10:52:25 CEST 2026
===================================================================
Wrote 67 sample metadata rows to: /media/inter/mkapun/projects/Tityra/results/concatenated_genes_assembly/mito_gene_metadata.csv

===================================================================
Metadata aggregation completed: Fr Jul 17 10:52:25 CEST 2026
===================================================================

Table saved to: /media/inter/mkapun/projects/Tityra/results/concatenated_genes_assembly/mito_gene_metadata.csv
