nohup: ignoriere Eingabe
===================================================================
BUSCO-based Phylogenomic Analysis
===================================================================
Analysis Directory: /media/inter/mkapun/projects/Tityra/results/BUSCO_aves_phylogeny

Step 1: Identifying species with BUSCO data...
  ✓ Tityra_leucura (de novo assembly)
  ✓ Acanthisitta_chloris
  ✓ Cephalopterus_ornatus
  ✓ Grallaria_varia
  ✓ Manacus_vitellinus
  ✓ Mionectes_macconnelli
  ✓ Neopipo_cinnamomea
  ✓ Onychorhynchus_coronatus
  ✓ Oxyruncus_cristatus
  ✓ Pachyramphus_minor
  ✓ Piprites_chloris
  ✓ Pitta_sordida
  ✓ Tachuris_rubrigastra
  ✓ Tyrannus_savana

Total species: 14

===================================================================
Step 2: Extracting BUSCO gene IDs
===================================================================
Genes present in all 14 species: 299

===================================================================
Step 3: Extracting gene sequences
===================================================================
Extracting 299 genes from 14 species...
