nohup: ignoriere Eingabe
===================================================================
BUSCO-based Phylogenomic Analysis
===================================================================
Analysis Directory: /media/inter/mkapun/projects/Tityra/results/BUSCO_aves_phylogeny

Step 1: Identifying species with BUSCO data...
  ✓ Acanthisitta_chloris
  ✓ Cephalopterus_ornatus
  ✓ Grallaria_varia
  ✓ Manacus_vitellinus
  ✓ Mionectes_macconnelli
  ✓ Neopipo_cinnamomea
  ✓ Onychorhynchus_coronatus
  ✓ Oxyruncus_cristatus
  ✓ Pachyramphus_minor
  ✓ Piprites_chloris
  ✓ Pitta_sordida
  ✓ Tachuris_rubrigastra
  ✓ Tityra_leucura
  ✓ Tyrannus_savana

Total species: 14

===================================================================
Step 2: Extracting BUSCO gene IDs
===================================================================
Genes present in all 14 species: 0

===================================================================
Step 3: Extracting protein sequences
===================================================================
Extracting 0 genes from 14 species...
Sequence extraction complete

===================================================================
Step 4: Aligning genes with MAFFT
===================================================================
Generated 0 alignments

===================================================================
Step 5: Building gene trees with IQ-TREE
===================================================================
Generated 0 gene trees

===================================================================
Step 6: Building species tree with ASTRAL
===================================================================
cat: '/media/inter/mkapun/projects/Tityra/results/BUSCO_aves_phylogeny/astral/*.tree': Datei oder Verzeichnis nicht gefunden
Running ASTRAL on 0 gene trees...
✗ ERROR: ASTRAL failed to build species tree
Check astral.log for details

===================================================================
Summary Statistics
===================================================================
Species included: 14
Universal BUSCO genes: 0
Successful alignments: 0
Gene trees built: 0

Results directory: /media/inter/mkapun/projects/Tityra/results/BUSCO_aves_phylogeny
  - Gene sequences: /media/inter/mkapun/projects/Tityra/results/BUSCO_aves_phylogeny/gene_sequences/
  - Alignments: /media/inter/mkapun/projects/Tityra/results/BUSCO_aves_phylogeny/alignments/
  - Gene trees: /media/inter/mkapun/projects/Tityra/results/BUSCO_aves_phylogeny/gene_trees/
  - Species tree: /media/inter/mkapun/projects/Tityra/results/BUSCO_aves_phylogeny/astral/species_tree.tre
===================================================================
