===================================================================
Combining Mitochondrial Gene Sequences (Assembly-based)
Started: Di Apr 28 14:30:06 CEST 2026
===================================================================
Error: Tityra genes file not found: /media/inter/mkapun/projects/Tityra/results/mitofinder_assembly/Tityra_leucura/Tityra_leucura/Tityra_leucura_MitoFinder_metaspades_mitfi_Final_Results/Tityra_leucura_mtDNA_contig_1_genes_NT.fasta
===================================================================
Combining Mitochondrial Gene Sequences (Assembly-based)
Started: Di Apr 28 14:32:38 CEST 2026
===================================================================
Using Tityra genes from: /media/inter/mkapun/projects/Tityra/results/mitofinder_assembly/Tityra_leucura/Tityra_leucura/Tityra_leucura_MitoFinder_mitfi_Final_Results/Tityra_leucura_mtDNA_contig_1_genes_NT.fasta

===================================================================
Combining sequences for each gene
===================================================================

-------------------------------------------------------------------
Processing ATP6...
-------------------------------------------------------------------
  Processing Acanthisitta (ATP6)...
  Added 2 sequences from Acanthisitta
  Processing Pachyramphus (ATP6)...
  Added 0 sequences from Pachyramphus
  Deduplicating and limiting to 3 samples per species...
  Total unique sequences after deduplication: 1
  Extracting Tityra leucura sequence...
  Added Tityra leucura ATP6 sequence
  Total sequences in ATP6_combined.fasta: 2

-------------------------------------------------------------------
Processing ATP8...
-------------------------------------------------------------------
  Processing Acanthisitta (ATP8)...
  Added 2 sequences from Acanthisitta
  Processing Pachyramphus (ATP8)...
  Added 0 sequences from Pachyramphus
  Deduplicating and limiting to 3 samples per species...
  Total unique sequences after deduplication: 1
  Extracting Tityra leucura sequence...
  Added Tityra leucura ATP8 sequence
  Total sequences in ATP8_combined.fasta: 2

-------------------------------------------------------------------
Processing CO2...
-------------------------------------------------------------------
  Processing Iodopleura (CO2)...
  Added 1 sequences from Iodopleura
  Processing Laniocera (CO2)...
  Added 1 sequences from Laniocera
  Processing Pachyramphus (CO2)...
  Added 1 sequences from Pachyramphus
  Processing Schiffornis (CO2)...
  Added 1 sequences from Schiffornis
  Processing Tityra (CO2)...
  Added 1 sequences from Tityra
  Processing Acanthisitta (COX2)...
  Added 2 sequences from Acanthisitta
  Processing Pachyramphus (COX2)...
  Added 0 sequences from Pachyramphus
  Deduplicating and limiting to 3 samples per species...
  Total unique sequences after deduplication: 6
  Extracting Tityra leucura sequence...
  Added Tityra leucura CO2 sequence
  Total sequences in CO2_combined.fasta: 7

-------------------------------------------------------------------
Processing COI...
-------------------------------------------------------------------
  Processing Acanthisitta (COI)...
  Added 100 sequences from Acanthisitta
  Processing Iodopleura (COI)...
  Added 3 sequences from Iodopleura
  Processing Laniisoma (COI)...
  Added 1 sequences from Laniisoma
  Processing Laniocera (COI)...
  Added 7 sequences from Laniocera
  Processing Pachyramphus (COI)...
  Added 36 sequences from Pachyramphus
  Processing Schiffornis (COI)...
  Added 62 sequences from Schiffornis
  Processing Tityra (COI)...
  Added 9 sequences from Tityra
  Processing Xenopsaris (COI)...
  Added 3 sequences from Xenopsaris
  Processing Acanthisitta (COX1)...
  Added 2 sequences from Acanthisitta
  Processing Pachyramphus (COX1)...
  Added 0 sequences from Pachyramphus
  Deduplicating and limiting to 3 samples per species...
  Total unique sequences after deduplication: 53
  Extracting Tityra leucura sequence...
  Added Tityra leucura COI sequence
  Total sequences in COI_combined.fasta: 54
Skipping COX1 (already processed as COI)
Skipping COX2 (already processed as CO2)

-------------------------------------------------------------------
Processing CO3...
-------------------------------------------------------------------
  Processing Acanthisitta (COX3)...
  Added 2 sequences from Acanthisitta
  Processing Pachyramphus (COX3)...
  Added 0 sequences from Pachyramphus
  Deduplicating and limiting to 3 samples per species...
  Total unique sequences after deduplication: 1
  Extracting Tityra leucura sequence...
  Added Tityra leucura CO3 sequence
  Total sequences in CO3_combined.fasta: 2

-------------------------------------------------------------------
Processing CYTB...
-------------------------------------------------------------------
  Processing Acanthisitta (CYTB)...
  Added 2 sequences from Acanthisitta
  Processing Iodopleura (CYTB)...
  Added 1 sequences from Iodopleura
  Processing Laniisoma (CYTB)...
  Added 3 sequences from Laniisoma
  Processing Laniocera (CYTB)...
  Added 1 sequences from Laniocera
  Processing Pachyramphus (CYTB)...
  Added 3 sequences from Pachyramphus
  Processing Schiffornis (CYTB)...
  Added 266 sequences from Schiffornis
  Processing Tityra (CYTB)...
  Added 59 sequences from Tityra
  Deduplicating and limiting to 3 samples per species...
  Total unique sequences after deduplication: 24
  Extracting Tityra leucura sequence...
  Added Tityra leucura CYTB sequence
  Total sequences in CYTB_combined.fasta: 25

-------------------------------------------------------------------
Processing ND1...
-------------------------------------------------------------------
  Processing Acanthisitta (ND1)...
  Added 2 sequences from Acanthisitta
  Processing Pachyramphus (ND1)...
  Added 0 sequences from Pachyramphus
  Deduplicating and limiting to 3 samples per species...
  Total unique sequences after deduplication: 1
  Extracting Tityra leucura sequence...
  Added Tityra leucura ND1 sequence
  Total sequences in ND1_combined.fasta: 2

-------------------------------------------------------------------
Processing ND2...
-------------------------------------------------------------------
  Processing Acanthisitta (ND2)...
  Added 3 sequences from Acanthisitta
  Processing Iodopleura (ND2)...
  Added 8 sequences from Iodopleura
  Processing Laniisoma (ND2)...
  Added 3 sequences from Laniisoma
  Processing Laniocera (ND2)...
  Added 2 sequences from Laniocera
  Processing Pachyramphus (ND2)...
  Added 32 sequences from Pachyramphus
  Processing Schiffornis (ND2)...
  Added 93 sequences from Schiffornis
  Processing Tityra (ND2)...
  Added 13 sequences from Tityra
  Processing Xenopsaris (ND2)...
  Added 1 sequences from Xenopsaris
  Deduplicating and limiting to 3 samples per species...
  Total unique sequences after deduplication: 58
  Extracting Tityra leucura sequence...
  Added Tityra leucura ND2 sequence
  Total sequences in ND2_combined.fasta: 59

-------------------------------------------------------------------
Processing ND3...
-------------------------------------------------------------------
  Processing Acanthisitta (ND3)...
  Added 2 sequences from Acanthisitta
  Processing Iodopleura (ND3)...
  Added 1 sequences from Iodopleura
  Processing Laniocera (ND3)...
  Added 1 sequences from Laniocera
  Processing Pachyramphus (ND3)...
  Added 1 sequences from Pachyramphus
  Processing Schiffornis (ND3)...
  Added 1 sequences from Schiffornis
  Processing Tityra (ND3)...
  Added 1 sequences from Tityra
  Deduplicating and limiting to 3 samples per species...
  Total unique sequences after deduplication: 6
  Extracting Tityra leucura sequence...
  Added Tityra leucura ND3 sequence
  Total sequences in ND3_combined.fasta: 7

-------------------------------------------------------------------
Processing ND4...
-------------------------------------------------------------------
  Processing Acanthisitta (ND4)...
  Added 2 sequences from Acanthisitta
  Processing Pachyramphus (ND4)...
  Added 0 sequences from Pachyramphus
  Deduplicating and limiting to 3 samples per species...
  Total unique sequences after deduplication: 1
  Extracting Tityra leucura sequence...
  Added Tityra leucura ND4 sequence
  Total sequences in ND4_combined.fasta: 2

-------------------------------------------------------------------
Processing ND4L...
-------------------------------------------------------------------
  Processing Acanthisitta (ND4L)...
  Added 2 sequences from Acanthisitta
  Processing Pachyramphus (ND4L)...
  Added 0 sequences from Pachyramphus
  Deduplicating and limiting to 3 samples per species...
  Total unique sequences after deduplication: 1
  Extracting Tityra leucura sequence...
  Added Tityra leucura ND4L sequence
  Total sequences in ND4L_combined.fasta: 2

-------------------------------------------------------------------
Processing ND5...
-------------------------------------------------------------------
  Processing Acanthisitta (ND5)...
  Added 2 sequences from Acanthisitta
  Processing Pachyramphus (ND5)...
  Added 0 sequences from Pachyramphus
  Deduplicating and limiting to 3 samples per species...
  Total unique sequences after deduplication: 1
  Extracting Tityra leucura sequence...
  Added Tityra leucura ND5 sequence
  Total sequences in ND5_combined.fasta: 2

===================================================================
Pipeline completed: Di Apr 28 14:32:40 CEST 2026
===================================================================

Combined gene files saved to: /media/inter/mkapun/projects/Tityra/results/combined_mito_genes_assembly

Summary:
  ATP6: 2 sequences
  ATP8: 2 sequences
  CO2: 7 sequences
  CO3: 2 sequences
  COI: 54 sequences
  CYTB: 25 sequences
  ND1: 2 sequences
  ND2: 59 sequences
  ND3: 7 sequences
  ND4: 2 sequences
  ND4L: 2 sequences
  ND5: 2 sequences
===================================================================
Combining Mitochondrial Gene Sequences (Assembly-based)
Started: Di Apr 28 16:00:26 CEST 2026
===================================================================
Using Tityra genes from: /media/inter/mkapun/projects/Tityra/results/mitofinder_assembly/Tityra_leucura/Tityra_leucura/Tityra_leucura_MitoFinder_mitfi_Final_Results/Tityra_leucura_mtDNA_contig_1_genes_NT.fasta

===================================================================
Combining sequences for each gene
===================================================================

-------------------------------------------------------------------
Processing ATP6...
-------------------------------------------------------------------
  Processing Acanthisitta (ATP6)...
  Added 2 sequences from Acanthisitta
  Processing Pachyramphus (ATP6)...
  Added 0 sequences from Pachyramphus
  Deduplicating and limiting to 3 samples per species...
  Total unique sequences after deduplication: 1
  Extracting Tityra leucura sequence...
  Added Tityra leucura ATP6 sequence
  Total sequences in ATP6_combined.fasta: 2

-------------------------------------------------------------------
Processing ATP8...
-------------------------------------------------------------------
  Processing Acanthisitta (ATP8)...
  Added 2 sequences from Acanthisitta
  Processing Pachyramphus (ATP8)...
  Added 0 sequences from Pachyramphus
  Deduplicating and limiting to 3 samples per species...
  Total unique sequences after deduplication: 1
  Extracting Tityra leucura sequence...
  Added Tityra leucura ATP8 sequence
  Total sequences in ATP8_combined.fasta: 2

-------------------------------------------------------------------
Processing CO2...
-------------------------------------------------------------------
  Processing Iodopleura (CO2)...
  Added 1 sequences from Iodopleura
  Processing Laniocera (CO2)...
  Added 1 sequences from Laniocera
  Processing Pachyramphus (CO2)...
  Added 1 sequences from Pachyramphus
  Processing Schiffornis (CO2)...
  Added 1 sequences from Schiffornis
  Processing Tityra (CO2)...
  Added 1 sequences from Tityra
  Processing Acanthisitta (COX2)...
  Added 2 sequences from Acanthisitta
  Processing Pachyramphus (COX2)...
  Added 0 sequences from Pachyramphus
  Deduplicating and limiting to 3 samples per species...
  Total unique sequences after deduplication: 6
  Extracting Tityra leucura sequence...
  Added Tityra leucura CO2 sequence
  Total sequences in CO2_combined.fasta: 7

-------------------------------------------------------------------
Processing COI...
-------------------------------------------------------------------
  Processing Acanthisitta (COI)...
  Added 100 sequences from Acanthisitta
  Processing Iodopleura (COI)...
  Added 3 sequences from Iodopleura
  Processing Laniisoma (COI)...
  Added 1 sequences from Laniisoma
  Processing Laniocera (COI)...
  Added 7 sequences from Laniocera
  Processing Pachyramphus (COI)...
  Added 36 sequences from Pachyramphus
  Processing Schiffornis (COI)...
  Added 62 sequences from Schiffornis
  Processing Tityra (COI)...
  Added 9 sequences from Tityra
  Processing Xenopsaris (COI)...
  Added 3 sequences from Xenopsaris
  Processing Acanthisitta (COX1)...
  Added 2 sequences from Acanthisitta
  Processing Pachyramphus (COX1)...
  Added 0 sequences from Pachyramphus
  Deduplicating and limiting to 3 samples per species...
  Total unique sequences after deduplication: 53
  Extracting Tityra leucura sequence...
  Added Tityra leucura COI sequence
  Total sequences in COI_combined.fasta: 54
Skipping COX1 (already processed as COI)
Skipping COX2 (already processed as CO2)

-------------------------------------------------------------------
Processing CO3...
-------------------------------------------------------------------
  Processing Acanthisitta (COX3)...
  Added 2 sequences from Acanthisitta
  Processing Pachyramphus (COX3)...
  Added 0 sequences from Pachyramphus
  Deduplicating and limiting to 3 samples per species...
  Total unique sequences after deduplication: 1
  Extracting Tityra leucura sequence...
  Added Tityra leucura CO3 sequence
  Total sequences in CO3_combined.fasta: 2

-------------------------------------------------------------------
Processing CYTB...
-------------------------------------------------------------------
  Processing Acanthisitta (CYTB)...
  Added 2 sequences from Acanthisitta
  Processing Iodopleura (CYTB)...
  Added 1 sequences from Iodopleura
  Processing Laniisoma (CYTB)...
  Added 3 sequences from Laniisoma
  Processing Laniocera (CYTB)...
  Added 1 sequences from Laniocera
  Processing Pachyramphus (CYTB)...
  Added 3 sequences from Pachyramphus
  Processing Schiffornis (CYTB)...
  Added 266 sequences from Schiffornis
  Processing Tityra (CYTB)...
  Added 59 sequences from Tityra
  Deduplicating and limiting to 3 samples per species...
  Total unique sequences after deduplication: 24
  Extracting Tityra leucura sequence...
  Added Tityra leucura CYTB sequence
  Total sequences in CYTB_combined.fasta: 25

-------------------------------------------------------------------
Processing ND1...
-------------------------------------------------------------------
  Processing Acanthisitta (ND1)...
  Added 2 sequences from Acanthisitta
  Processing Pachyramphus (ND1)...
  Added 0 sequences from Pachyramphus
  Deduplicating and limiting to 3 samples per species...
  Total unique sequences after deduplication: 1
  Extracting Tityra leucura sequence...
  Added Tityra leucura ND1 sequence
  Total sequences in ND1_combined.fasta: 2

-------------------------------------------------------------------
Processing ND2...
-------------------------------------------------------------------
  Processing Acanthisitta (ND2)...
  Added 3 sequences from Acanthisitta
  Processing Iodopleura (ND2)...
  Added 8 sequences from Iodopleura
  Processing Laniisoma (ND2)...
  Added 3 sequences from Laniisoma
  Processing Laniocera (ND2)...
  Added 2 sequences from Laniocera
  Processing Pachyramphus (ND2)...
  Added 32 sequences from Pachyramphus
  Processing Schiffornis (ND2)...
  Added 93 sequences from Schiffornis
  Processing Tityra (ND2)...
  Added 13 sequences from Tityra
  Processing Xenopsaris (ND2)...
  Added 1 sequences from Xenopsaris
  Deduplicating and limiting to 3 samples per species...
  Total unique sequences after deduplication: 58
  Extracting Tityra leucura sequence...
  Added Tityra leucura ND2 sequence
  Total sequences in ND2_combined.fasta: 59

-------------------------------------------------------------------
Processing ND3...
-------------------------------------------------------------------
  Processing Acanthisitta (ND3)...
  Added 2 sequences from Acanthisitta
  Processing Iodopleura (ND3)...
  Added 1 sequences from Iodopleura
  Processing Laniocera (ND3)...
  Added 1 sequences from Laniocera
  Processing Pachyramphus (ND3)...
  Added 1 sequences from Pachyramphus
  Processing Schiffornis (ND3)...
  Added 1 sequences from Schiffornis
  Processing Tityra (ND3)...
  Added 1 sequences from Tityra
  Deduplicating and limiting to 3 samples per species...
  Total unique sequences after deduplication: 6
  Extracting Tityra leucura sequence...
  Added Tityra leucura ND3 sequence
  Total sequences in ND3_combined.fasta: 7

-------------------------------------------------------------------
Processing ND4...
-------------------------------------------------------------------
  Processing Acanthisitta (ND4)...
  Added 2 sequences from Acanthisitta
  Processing Pachyramphus (ND4)...
  Added 0 sequences from Pachyramphus
  Deduplicating and limiting to 3 samples per species...
  Total unique sequences after deduplication: 1
  Extracting Tityra leucura sequence...
  Added Tityra leucura ND4 sequence
  Total sequences in ND4_combined.fasta: 2

-------------------------------------------------------------------
Processing ND4L...
-------------------------------------------------------------------
  Processing Acanthisitta (ND4L)...
  Added 2 sequences from Acanthisitta
  Processing Pachyramphus (ND4L)...
  Added 0 sequences from Pachyramphus
  Deduplicating and limiting to 3 samples per species...
  Total unique sequences after deduplication: 1
  Extracting Tityra leucura sequence...
  Added Tityra leucura ND4L sequence
  Total sequences in ND4L_combined.fasta: 2

-------------------------------------------------------------------
Processing ND5...
-------------------------------------------------------------------
  Processing Acanthisitta (ND5)...
  Added 2 sequences from Acanthisitta
  Processing Pachyramphus (ND5)...
  Added 0 sequences from Pachyramphus
  Deduplicating and limiting to 3 samples per species...
  Total unique sequences after deduplication: 1
  Extracting Tityra leucura sequence...
  Added Tityra leucura ND5 sequence
  Total sequences in ND5_combined.fasta: 2

-------------------------------------------------------------------
Processing RAG1...
-------------------------------------------------------------------
  Processing Acanthisitta (RAG1)...
  Added 0 sequences from Acanthisitta
  Processing Pachyramphus (RAG1)...
  Added 1 sequences from Pachyramphus
  Processing Schiffornis (RAG1)...
  Added 1 sequences from Schiffornis
  Processing Tityra (RAG1)...
  Added 1 sequences from Tityra
  Processing Acanthisitta (RAG-1)...
  Added 2 sequences from Acanthisitta
  Processing Iodopleura (RAG-1)...
  Added 2 sequences from Iodopleura
  Processing Laniisoma (RAG-1)...
  Added 1 sequences from Laniisoma
  Processing Laniocera (RAG-1)...
  Added 1 sequences from Laniocera
  Processing Pachyramphus (RAG-1)...
  Added 6 sequences from Pachyramphus
  Processing Schiffornis (RAG-1)...
  Added 4 sequences from Schiffornis
  Processing Tityra (RAG-1)...
  Added 3 sequences from Tityra
  Processing Xenopsaris (RAG-1)...
  Added 1 sequences from Xenopsaris
  Deduplicating and limiting to 3 samples per species...
  Total unique sequences after deduplication: 22
  Extracting Tityra leucura sequence...
  Total sequences in RAG1_combined.fasta: 22

-------------------------------------------------------------------
Processing RAG2...
-------------------------------------------------------------------
  Processing Acanthisitta (RAG2)...
  Added 2 sequences from Acanthisitta
  Processing Schiffornis (RAG2)...
  Added 1 sequences from Schiffornis
  Processing Tityra (RAG2)...
  Added 1 sequences from Tityra
  Processing Iodopleura (RAG-2)...
  Added 1 sequences from Iodopleura
  Processing Laniisoma (RAG-2)...
  Added 1 sequences from Laniisoma
  Processing Laniocera (RAG-2)...
  Added 1 sequences from Laniocera
  Processing Pachyramphus (RAG-2)...
  Added 3 sequences from Pachyramphus
  Processing Schiffornis (RAG-2)...
  Added 1 sequences from Schiffornis
  Processing Tityra (RAG-2)...
  Added 1 sequences from Tityra
  Processing Xenopsaris (RAG-2)...
  Added 1 sequences from Xenopsaris
  Deduplicating and limiting to 3 samples per species...
  Total unique sequences after deduplication: 13
  Extracting Tityra leucura sequence...
  Total sequences in RAG2_combined.fasta: 13

===================================================================
Pipeline completed: Di Apr 28 16:00:28 CEST 2026
===================================================================

Combined gene files saved to: /media/inter/mkapun/projects/Tityra/results/combined_mito_genes_assembly

Summary:
  ATP6: 2 sequences
  ATP8: 2 sequences
  CO2: 7 sequences
  CO3: 2 sequences
  COI: 54 sequences
  CYTB: 25 sequences
  ND1: 2 sequences
  ND2: 59 sequences
  ND3: 7 sequences
  ND4: 2 sequences
  ND4L: 2 sequences
  ND5: 2 sequences
  RAG1: 22 sequences
  RAG2: 13 sequences
===================================================================
Combining Mitochondrial Gene Sequences (Assembly-based)
Started: Di Apr 28 16:23:38 CEST 2026
===================================================================
Using Tityra genes from: /media/inter/mkapun/projects/Tityra/results/mitofinder_assembly/Tityra_leucura/Tityra_leucura/Tityra_leucura_MitoFinder_mitfi_Final_Results/Tityra_leucura_mtDNA_contig_1_genes_NT.fasta

===================================================================
Combining sequences for each gene
===================================================================

-------------------------------------------------------------------
Processing ATP6...
-------------------------------------------------------------------
  Processing Acanthisitta (ATP6)...
  Added 2 sequences from Acanthisitta
  Processing Pachyramphus (ATP6)...
  Added 0 sequences from Pachyramphus
  Deduplicating and limiting to 3 samples per species...
  Total unique sequences after deduplication: 1
  Extracting Tityra leucura sequence...
  Added Tityra leucura ATP6 sequence
  Total sequences in ATP6_combined.fasta: 2

-------------------------------------------------------------------
Processing ATP8...
-------------------------------------------------------------------
  Processing Acanthisitta (ATP8)...
  Added 2 sequences from Acanthisitta
  Processing Pachyramphus (ATP8)...
  Added 0 sequences from Pachyramphus
  Deduplicating and limiting to 3 samples per species...
  Total unique sequences after deduplication: 1
  Extracting Tityra leucura sequence...
  Added Tityra leucura ATP8 sequence
  Total sequences in ATP8_combined.fasta: 2

-------------------------------------------------------------------
Processing CO2...
-------------------------------------------------------------------
  Processing Iodopleura (CO2)...
  Added 1 sequences from Iodopleura
  Processing Laniocera (CO2)...
  Added 1 sequences from Laniocera
  Processing Pachyramphus (CO2)...
  Added 1 sequences from Pachyramphus
  Processing Schiffornis (CO2)...
  Added 1 sequences from Schiffornis
  Processing Tityra (CO2)...
  Added 1 sequences from Tityra
  Processing Acanthisitta (COX2)...
  Added 2 sequences from Acanthisitta
  Processing Pachyramphus (COX2)...
  Added 0 sequences from Pachyramphus
  Deduplicating and limiting to 3 samples per species...
  Total unique sequences after deduplication: 6
  Extracting Tityra leucura sequence...
  Added Tityra leucura CO2 sequence
  Total sequences in CO2_combined.fasta: 7

-------------------------------------------------------------------
Processing COI...
-------------------------------------------------------------------
  Processing Acanthisitta (COI)...
  Added 100 sequences from Acanthisitta
  Processing Iodopleura (COI)...
  Added 3 sequences from Iodopleura
  Processing Laniisoma (COI)...
  Added 1 sequences from Laniisoma
  Processing Laniocera (COI)...
  Added 7 sequences from Laniocera
  Processing Pachyramphus (COI)...
  Added 36 sequences from Pachyramphus
  Processing Schiffornis (COI)...
  Added 62 sequences from Schiffornis
  Processing Tityra (COI)...
  Added 9 sequences from Tityra
  Processing Xenopsaris (COI)...
  Added 3 sequences from Xenopsaris
  Processing Acanthisitta (COX1)...
  Added 2 sequences from Acanthisitta
  Processing Pachyramphus (COX1)...
  Added 0 sequences from Pachyramphus
  Deduplicating and limiting to 3 samples per species...
  Total unique sequences after deduplication: 53
  Extracting Tityra leucura sequence...
  Added Tityra leucura COI sequence
  Total sequences in COI_combined.fasta: 54
Skipping COX1 (already processed as COI)
Skipping COX2 (already processed as CO2)

-------------------------------------------------------------------
Processing CO3...
-------------------------------------------------------------------
  Processing Acanthisitta (COX3)...
  Added 2 sequences from Acanthisitta
  Processing Pachyramphus (COX3)...
  Added 0 sequences from Pachyramphus
  Deduplicating and limiting to 3 samples per species...
  Total unique sequences after deduplication: 1
  Extracting Tityra leucura sequence...
  Added Tityra leucura CO3 sequence
  Total sequences in CO3_combined.fasta: 2

-------------------------------------------------------------------
Processing CYTB...
-------------------------------------------------------------------
  Processing Acanthisitta (CYTB)...
  Added 2 sequences from Acanthisitta
  Processing Iodopleura (CYTB)...
  Added 1 sequences from Iodopleura
  Processing Laniisoma (CYTB)...
  Added 3 sequences from Laniisoma
  Processing Laniocera (CYTB)...
  Added 1 sequences from Laniocera
  Processing Pachyramphus (CYTB)...
  Added 3 sequences from Pachyramphus
  Processing Schiffornis (CYTB)...
  Added 266 sequences from Schiffornis
  Processing Tityra (CYTB)...
  Added 59 sequences from Tityra
  Deduplicating and limiting to 3 samples per species...
  Total unique sequences after deduplication: 24
  Extracting Tityra leucura sequence...
  Added Tityra leucura CYTB sequence
  Total sequences in CYTB_combined.fasta: 25

-------------------------------------------------------------------
Processing ND1...
-------------------------------------------------------------------
  Processing Acanthisitta (ND1)...
  Added 2 sequences from Acanthisitta
  Processing Pachyramphus (ND1)...
  Added 0 sequences from Pachyramphus
  Deduplicating and limiting to 3 samples per species...
  Total unique sequences after deduplication: 1
  Extracting Tityra leucura sequence...
  Added Tityra leucura ND1 sequence
  Total sequences in ND1_combined.fasta: 2

-------------------------------------------------------------------
Processing ND2...
-------------------------------------------------------------------
  Processing Acanthisitta (ND2)...
  Added 3 sequences from Acanthisitta
  Processing Iodopleura (ND2)...
  Added 8 sequences from Iodopleura
  Processing Laniisoma (ND2)...
  Added 3 sequences from Laniisoma
  Processing Laniocera (ND2)...
  Added 2 sequences from Laniocera
  Processing Pachyramphus (ND2)...
  Added 32 sequences from Pachyramphus
  Processing Schiffornis (ND2)...
  Added 93 sequences from Schiffornis
  Processing Tityra (ND2)...
  Added 13 sequences from Tityra
  Processing Xenopsaris (ND2)...
  Added 1 sequences from Xenopsaris
  Deduplicating and limiting to 3 samples per species...
  Total unique sequences after deduplication: 58
  Extracting Tityra leucura sequence...
  Added Tityra leucura ND2 sequence
  Total sequences in ND2_combined.fasta: 59

-------------------------------------------------------------------
Processing ND3...
-------------------------------------------------------------------
  Processing Acanthisitta (ND3)...
  Added 2 sequences from Acanthisitta
  Processing Iodopleura (ND3)...
  Added 1 sequences from Iodopleura
  Processing Laniocera (ND3)...
  Added 1 sequences from Laniocera
  Processing Pachyramphus (ND3)...
  Added 1 sequences from Pachyramphus
  Processing Schiffornis (ND3)...
  Added 1 sequences from Schiffornis
  Processing Tityra (ND3)...
  Added 1 sequences from Tityra
  Deduplicating and limiting to 3 samples per species...
  Total unique sequences after deduplication: 6
  Extracting Tityra leucura sequence...
  Added Tityra leucura ND3 sequence
  Total sequences in ND3_combined.fasta: 7

-------------------------------------------------------------------
Processing ND4...
-------------------------------------------------------------------
  Processing Acanthisitta (ND4)...
  Added 2 sequences from Acanthisitta
  Processing Pachyramphus (ND4)...
  Added 0 sequences from Pachyramphus
  Deduplicating and limiting to 3 samples per species...
  Total unique sequences after deduplication: 1
  Extracting Tityra leucura sequence...
  Added Tityra leucura ND4 sequence
  Total sequences in ND4_combined.fasta: 2

-------------------------------------------------------------------
Processing ND4L...
-------------------------------------------------------------------
  Processing Acanthisitta (ND4L)...
  Added 2 sequences from Acanthisitta
  Processing Pachyramphus (ND4L)...
  Added 0 sequences from Pachyramphus
  Deduplicating and limiting to 3 samples per species...
  Total unique sequences after deduplication: 1
  Extracting Tityra leucura sequence...
  Added Tityra leucura ND4L sequence
  Total sequences in ND4L_combined.fasta: 2

-------------------------------------------------------------------
Processing ND5...
-------------------------------------------------------------------
  Processing Acanthisitta (ND5)...
  Added 2 sequences from Acanthisitta
  Processing Pachyramphus (ND5)...
  Added 0 sequences from Pachyramphus
  Deduplicating and limiting to 3 samples per species...
  Total unique sequences after deduplication: 1
  Extracting Tityra leucura sequence...
  Added Tityra leucura ND5 sequence
  Total sequences in ND5_combined.fasta: 2

===================================================================
Pipeline completed: Di Apr 28 16:23:40 CEST 2026
===================================================================

Combined gene files saved to: /media/inter/mkapun/projects/Tityra/results/combined_mito_genes_assembly

Summary:
  ATP6: 2 sequences
  ATP8: 2 sequences
  CO2: 7 sequences
  CO3: 2 sequences
  COI: 54 sequences
  CYTB: 25 sequences
  ND1: 2 sequences
  ND2: 59 sequences
  ND3: 7 sequences
  ND4: 2 sequences
  ND4L: 2 sequences
  ND5: 2 sequences
  RAG1: 22 sequences
  RAG2: 13 sequences
===================================================================
Combining Mitochondrial Gene Sequences (Assembly-based)
Started: Fr Mai  1 10:13:59 CEST 2026
===================================================================
Using Tityra genes from: /media/inter/mkapun/projects/Tityra/results/mitofinder_assembly/Tityra_leucura/Tityra_leucura/Tityra_leucura_MitoFinder_mitfi_Final_Results/Tityra_leucura_mtDNA_contig_1_genes_NT.fasta

===================================================================
Combining sequences for each gene
===================================================================

-------------------------------------------------------------------
Processing ATP6...
-------------------------------------------------------------------
  Processing Onychorhynchus (ATP6)...
  Added 2 sequences from Onychorhynchus
  Processing Pachyramphus (ATP6)...
  Added 0 sequences from Pachyramphus
  Deduplicating and limiting to 3 samples per species...
  Total unique sequences after deduplication: 1
  Extracting Tityra leucura sequence...
  Added Tityra leucura ATP6 sequence
  Total sequences in ATP6_combined.fasta: 2

-------------------------------------------------------------------
Processing ATP8...
-------------------------------------------------------------------
  Processing Onychorhynchus (ATP8)...
  Added 2 sequences from Onychorhynchus
  Processing Pachyramphus (ATP8)...
  Added 0 sequences from Pachyramphus
  Deduplicating and limiting to 3 samples per species...
  Total unique sequences after deduplication: 1
  Extracting Tityra leucura sequence...
  Added Tityra leucura ATP8 sequence
  Total sequences in ATP8_combined.fasta: 2

-------------------------------------------------------------------
Processing CO2...
-------------------------------------------------------------------
  Processing Iodopleura (CO2)...
  Added 1 sequences from Iodopleura
  Processing Laniocera (CO2)...
  Added 1 sequences from Laniocera
  Processing Pachyramphus (CO2)...
  Added 1 sequences from Pachyramphus
  Processing Schiffornis (CO2)...
  Added 1 sequences from Schiffornis
  Processing Tityra (CO2)...
  Added 1 sequences from Tityra
  Processing Onychorhynchus (COX2)...
  Added 2 sequences from Onychorhynchus
  Processing Pachyramphus (COX2)...
  Added 0 sequences from Pachyramphus
  Deduplicating and limiting to 3 samples per species...
  Total unique sequences after deduplication: 6
  Extracting Tityra leucura sequence...
  Added Tityra leucura CO2 sequence
  Total sequences in CO2_combined.fasta: 7

-------------------------------------------------------------------
Processing COI...
-------------------------------------------------------------------
  Processing Iodopleura (COI)...
  Added 3 sequences from Iodopleura
  Processing Laniisoma (COI)...
  Added 1 sequences from Laniisoma
  Processing Laniocera (COI)...
  Added 7 sequences from Laniocera
  Processing Onychorhynchus (COI)...
  Added 6 sequences from Onychorhynchus
  Processing Pachyramphus (COI)...
  Added 36 sequences from Pachyramphus
  Processing Schiffornis (COI)...
  Added 62 sequences from Schiffornis
  Processing Tityra (COI)...
  Added 9 sequences from Tityra
  Processing Xenopsaris (COI)...
  Added 3 sequences from Xenopsaris
  Processing Onychorhynchus (COX1)...
  Added 2 sequences from Onychorhynchus
  Processing Pachyramphus (COX1)...
  Added 0 sequences from Pachyramphus
  Deduplicating and limiting to 3 samples per species...
  Total unique sequences after deduplication: 50
  Extracting Tityra leucura sequence...
  Added Tityra leucura COI sequence
  Total sequences in COI_combined.fasta: 51
Skipping COX1 (already processed as COI)
Skipping COX2 (already processed as CO2)

-------------------------------------------------------------------
Processing CO3...
-------------------------------------------------------------------
  Processing Onychorhynchus (COX3)...
  Added 2 sequences from Onychorhynchus
  Processing Pachyramphus (COX3)...
  Added 0 sequences from Pachyramphus
  Deduplicating and limiting to 3 samples per species...
  Total unique sequences after deduplication: 1
  Extracting Tityra leucura sequence...
  Added Tityra leucura CO3 sequence
  Total sequences in CO3_combined.fasta: 2

-------------------------------------------------------------------
Processing CYTB...
-------------------------------------------------------------------
  Processing Iodopleura (CYTB)...
  Added 1 sequences from Iodopleura
  Processing Laniisoma (CYTB)...
  Added 3 sequences from Laniisoma
  Processing Laniocera (CYTB)...
  Added 1 sequences from Laniocera
  Processing Onychorhynchus (CYTB)...
  Added 5 sequences from Onychorhynchus
  Processing Pachyramphus (CYTB)...
  Added 3 sequences from Pachyramphus
  Processing Schiffornis (CYTB)...
  Added 266 sequences from Schiffornis
  Processing Tityra (CYTB)...
  Added 59 sequences from Tityra
  Deduplicating and limiting to 3 samples per species...
  Total unique sequences after deduplication: 26
  Extracting Tityra leucura sequence...
  Added Tityra leucura CYTB sequence
  Total sequences in CYTB_combined.fasta: 27

-------------------------------------------------------------------
Processing ND1...
-------------------------------------------------------------------
  Processing Onychorhynchus (ND1)...
  Added 2 sequences from Onychorhynchus
  Processing Pachyramphus (ND1)...
  Added 0 sequences from Pachyramphus
  Deduplicating and limiting to 3 samples per species...
  Total unique sequences after deduplication: 1
  Extracting Tityra leucura sequence...
  Added Tityra leucura ND1 sequence
  Total sequences in ND1_combined.fasta: 2

-------------------------------------------------------------------
Processing ND2...
-------------------------------------------------------------------
  Processing Iodopleura (ND2)...
  Added 8 sequences from Iodopleura
  Processing Laniisoma (ND2)...
  Added 3 sequences from Laniisoma
  Processing Laniocera (ND2)...
  Added 2 sequences from Laniocera
  Processing Onychorhynchus (ND2)...
  Added 49 sequences from Onychorhynchus
  Processing Pachyramphus (ND2)...
  Added 32 sequences from Pachyramphus
  Processing Schiffornis (ND2)...
  Added 93 sequences from Schiffornis
  Processing Tityra (ND2)...
  Added 13 sequences from Tityra
  Processing Xenopsaris (ND2)...
  Added 1 sequences from Xenopsaris
  Deduplicating and limiting to 3 samples per species...
  Total unique sequences after deduplication: 59
  Extracting Tityra leucura sequence...
  Added Tityra leucura ND2 sequence
  Total sequences in ND2_combined.fasta: 60

-------------------------------------------------------------------
Processing ND3...
-------------------------------------------------------------------
  Processing Iodopleura (ND3)...
  Added 1 sequences from Iodopleura
  Processing Laniocera (ND3)...
  Added 1 sequences from Laniocera
  Processing Onychorhynchus (ND3)...
  Added 4 sequences from Onychorhynchus
  Processing Pachyramphus (ND3)...
  Added 1 sequences from Pachyramphus
  Processing Schiffornis (ND3)...
  Added 1 sequences from Schiffornis
  Processing Tityra (ND3)...
  Added 1 sequences from Tityra
  Deduplicating and limiting to 3 samples per species...
  Total unique sequences after deduplication: 8
  Extracting Tityra leucura sequence...
  Added Tityra leucura ND3 sequence
  Total sequences in ND3_combined.fasta: 9

-------------------------------------------------------------------
Processing ND4...
-------------------------------------------------------------------
  Processing Onychorhynchus (ND4)...
  Added 2 sequences from Onychorhynchus
  Processing Pachyramphus (ND4)...
  Added 0 sequences from Pachyramphus
  Deduplicating and limiting to 3 samples per species...
  Total unique sequences after deduplication: 1
  Extracting Tityra leucura sequence...
  Added Tityra leucura ND4 sequence
  Total sequences in ND4_combined.fasta: 2

-------------------------------------------------------------------
Processing ND4L...
-------------------------------------------------------------------
  Processing Onychorhynchus (ND4L)...
  Added 2 sequences from Onychorhynchus
  Processing Pachyramphus (ND4L)...
  Added 0 sequences from Pachyramphus
  Deduplicating and limiting to 3 samples per species...
  Total unique sequences after deduplication: 1
  Extracting Tityra leucura sequence...
  Added Tityra leucura ND4L sequence
  Total sequences in ND4L_combined.fasta: 2

-------------------------------------------------------------------
Processing ND5...
-------------------------------------------------------------------
  Processing Onychorhynchus (ND5)...
  Added 2 sequences from Onychorhynchus
  Processing Pachyramphus (ND5)...
  Added 0 sequences from Pachyramphus
  Deduplicating and limiting to 3 samples per species...
  Total unique sequences after deduplication: 1
  Extracting Tityra leucura sequence...
  Added Tityra leucura ND5 sequence
  Total sequences in ND5_combined.fasta: 2

===================================================================
Pipeline completed: Fr Mai  1 10:14:01 CEST 2026
===================================================================

Combined gene files saved to: /media/inter/mkapun/projects/Tityra/results/combined_mito_genes_assembly

Summary:
  ATP6: 2 sequences
  ATP8: 2 sequences
  CO2: 7 sequences
  CO3: 2 sequences
  COI: 51 sequences
  CYTB: 27 sequences
  ND1: 2 sequences
  ND2: 60 sequences
  ND3: 9 sequences
  ND4: 2 sequences
  ND4L: 2 sequences
  ND5: 2 sequences
  RAG1: 22 sequences
  RAG2: 13 sequences
