===================================================================
Concatenating Mitochondrial Genes by Species (Rawreads-based)
Started: Di Apr 28 16:26:29 CEST 2026
===================================================================
Using maximum of 4 genes: COI CYTB ND2 CO2
Will ensure at least one species per genus
Will filter out species with >50% missing data (within genus priority)

Checking for aligned gene files...
  ✗ COI: Not found
  ✗ CYTB: Not found
  ✗ ND2: Not found
  ✗ CO2: Not found
Error: No aligned gene files found
===================================================================
Concatenating Mitochondrial Genes by Species (Rawreads-based)
Started: Di Apr 28 16:27:18 CEST 2026
===================================================================
Using maximum of 4 genes: COI CYTB ND2 CO2
Will ensure at least one species per genus
Will filter out species with >50% missing data (within genus priority)

Checking for aligned gene files...
  ✓ COI: /media/inter/mkapun/projects/Tityra/results/phylogenetic_analysis_rawreads/alignments/COI_aligned_gblocks.fasta
  ✓ CYTB: /media/inter/mkapun/projects/Tityra/results/phylogenetic_analysis_rawreads/alignments/CYTB_aligned_gblocks.fasta
  ✓ ND2: /media/inter/mkapun/projects/Tityra/results/phylogenetic_analysis_rawreads/alignments/ND2_aligned_gblocks.fasta
  ✓ CO2: /media/inter/mkapun/projects/Tityra/results/phylogenetic_analysis_rawreads/alignments/CO2_aligned_gblocks.fasta

Will concatenate 4 genes: COI CYTB ND2 CO2

===================================================================
Building species-level concatenated sequences
===================================================================
Processing 4 genes: COI, CYTB, ND2, CO2

Reading COI...
  COI: 651 bp, 23 species
Reading CYTB...
  CYTB: 1022 bp, 23 species
Reading ND2...
  ND2: 1041 bp, 29 species
Reading CO2...
  CO2: 684 bp, 29 species

===================================================================
Species summary:
===================================================================
Acanthisitta_chloris          :  4/4 genes
Iodopleura_fusca              :  3/4 genes
Iodopleura_isabellae          :  2/4 genes
Laniisoma_elegans             :  3/4 genes
Laniocera_hypopyrra           :  4/4 genes
Pachyramphus_aglaiae          :  2/4 genes
Pachyramphus_albogriseus      :  1/4 genes
Pachyramphus_castaneus        :  1/4 genes
Pachyramphus_cinnamomeus      :  2/4 genes
Pachyramphus_homochrous       :  1/4 genes
Pachyramphus_major            :  1/4 genes
Pachyramphus_marginatus       :  3/4 genes
Pachyramphus_minor            :  2/4 genes
Pachyramphus_polychopterus    :  3/4 genes
Pachyramphus_rufus            :  2/4 genes
Pachyramphus_spodiurus        :  1/4 genes
Pachyramphus_surinamus        :  2/4 genes
Pachyramphus_validus          :  2/4 genes
Pachyramphus_versicolor       :  2/4 genes
Pachyramphus_viridis          :  2/4 genes
Pachyramphus_xanthogenys      :  3/4 genes
Schiffornis_major             :  3/4 genes
Schiffornis_turdina           :  4/4 genes
Schiffornis_virescens         :  3/4 genes
Tityra_cayana                 :  3/4 genes
Tityra_inquisitor             :  3/4 genes
Tityra_leucura                :  4/4 genes
Tityra_semifasciata           :  4/4 genes
Xenopsaris_albinucha          :  2/4 genes

Total species: 29
Species with all genes: 5
Species with ≥50% genes: 24

Filtering strategy: At least one species per genus + species with ≥2.0 genes
Number of genera: 8
Species before filtering: 29
Species after filtering: 24
Excluded 5 species

===================================================================
Creating concatenated sequences
===================================================================
Acanthisitta_chloris          : 3398 bp (4/4 genes)
Iodopleura_fusca              : 3398 bp (3/4 genes)
Iodopleura_isabellae          : 3398 bp (2/4 genes)
Laniisoma_elegans             : 3398 bp (3/4 genes)
Laniocera_hypopyrra           : 3398 bp (4/4 genes)
Pachyramphus_aglaiae          : 3398 bp (2/4 genes)
Pachyramphus_cinnamomeus      : 3398 bp (2/4 genes)
Pachyramphus_marginatus       : 3398 bp (3/4 genes)
Pachyramphus_minor            : 3398 bp (2/4 genes)
Pachyramphus_polychopterus    : 3398 bp (3/4 genes)
Pachyramphus_rufus            : 3398 bp (2/4 genes)
Pachyramphus_surinamus        : 3398 bp (2/4 genes)
Pachyramphus_validus          : 3398 bp (2/4 genes)
Pachyramphus_versicolor       : 3398 bp (2/4 genes)
Pachyramphus_viridis          : 3398 bp (2/4 genes)
Pachyramphus_xanthogenys      : 3398 bp (3/4 genes)
Schiffornis_major             : 3398 bp (3/4 genes)
Schiffornis_turdina           : 3398 bp (4/4 genes)
Schiffornis_virescens         : 3398 bp (3/4 genes)
Tityra_cayana                 : 3398 bp (3/4 genes)
Tityra_inquisitor             : 3398 bp (3/4 genes)
Tityra_leucura                : 3398 bp (4/4 genes)
Tityra_semifasciata           : 3398 bp (4/4 genes)
Xenopsaris_albinucha          : 3398 bp (2/4 genes)

Concatenated sequences written to: /media/inter/mkapun/projects/Tityra/results/concatenated_genes_assembly/concatenated_all_genes.fasta
Total sequences: 24
Concatenated length: 3398 bp
Partition file written to: /media/inter/mkapun/projects/Tityra/results/concatenated_genes_assembly/partitions.txt

===================================================================
Concatenation completed
Completed: Di Apr 28 16:27:18 CEST 2026
===================================================================
===================================================================
Concatenating Mitochondrial Genes by Species (Rawreads-based)
Started: Mi Apr 29 09:58:57 CEST 2026
===================================================================
Using maximum of 4 genes: COI CYTB ND2 CO2
Will ensure at least one species per genus
Will filter out species with >50% missing data (within genus priority)

Checking for aligned gene files...
  ✓ COI: /media/inter/mkapun/projects/Tityra/results/phylogenetic_analysis_rawreads/alignments/COI_aligned_gblocks.fasta
  ✓ CYTB: /media/inter/mkapun/projects/Tityra/results/phylogenetic_analysis_rawreads/alignments/CYTB_aligned_gblocks.fasta
  ✓ ND2: /media/inter/mkapun/projects/Tityra/results/phylogenetic_analysis_rawreads/alignments/ND2_aligned_gblocks.fasta
  ✓ CO2: /media/inter/mkapun/projects/Tityra/results/phylogenetic_analysis_rawreads/alignments/CO2_aligned_gblocks.fasta

Will concatenate 4 genes: COI CYTB ND2 CO2

===================================================================
Building species-level concatenated sequences
===================================================================
Processing 4 genes: COI, CYTB, ND2, CO2

Reading COI...
  COI: 651 bp, 23 species
Reading CYTB...
  CYTB: 1022 bp, 23 species
Reading ND2...
  ND2: 1041 bp, 29 species
Reading CO2...
  CO2: 684 bp, 29 species

===================================================================
Species summary:
===================================================================
Acanthisitta_chloris          :  4/4 genes
Iodopleura_fusca              :  3/4 genes
Iodopleura_isabellae          :  2/4 genes
Laniisoma_elegans             :  3/4 genes
Laniocera_hypopyrra           :  4/4 genes
Pachyramphus_aglaiae          :  2/4 genes
Pachyramphus_albogriseus      :  1/4 genes
Pachyramphus_castaneus        :  1/4 genes
Pachyramphus_cinnamomeus      :  2/4 genes
Pachyramphus_homochrous       :  1/4 genes
Pachyramphus_major            :  1/4 genes
Pachyramphus_marginatus       :  3/4 genes
Pachyramphus_minor            :  2/4 genes
Pachyramphus_polychopterus    :  3/4 genes
Pachyramphus_rufus            :  2/4 genes
Pachyramphus_spodiurus        :  1/4 genes
Pachyramphus_surinamus        :  2/4 genes
Pachyramphus_validus          :  2/4 genes
Pachyramphus_versicolor       :  2/4 genes
Pachyramphus_viridis          :  2/4 genes
Pachyramphus_xanthogenys      :  3/4 genes
Schiffornis_major             :  3/4 genes
Schiffornis_turdina           :  4/4 genes
Schiffornis_virescens         :  3/4 genes
Tityra_cayana                 :  3/4 genes
Tityra_inquisitor             :  3/4 genes
Tityra_leucura                :  4/4 genes
Tityra_semifasciata           :  4/4 genes
Xenopsaris_albinucha          :  2/4 genes

Total species: 29
Species with all genes: 5
Species with ≥50% genes: 24

Filtering strategy: At least one species per genus + species with ≥2.0 genes
Number of genera: 8
Species before filtering: 29
Species after filtering: 24
Excluded 5 species

===================================================================
Creating concatenated sequences
===================================================================
Acanthisitta_chloris          : 3398 bp (4/4 genes)
  Accessions: COI:Acanthisitta_chloris CYTB:Acanthisitta_chloris ND2:Acanthisitta_chloris CO2:Acanthisitta_chloris
Iodopleura_fusca              : 3398 bp (3/4 genes)
  Accessions: COI:Iodopleura_fusca CYTB:Iodopleura_fusca ND2:Iodopleura_fusca CO2:missing
Iodopleura_isabellae          : 3398 bp (2/4 genes)
  Accessions: COI:missing CYTB:missing ND2:Iodopleura_isabellae CO2:Iodopleura_isabellae
Laniisoma_elegans             : 3398 bp (3/4 genes)
  Accessions: COI:Laniisoma_elegans CYTB:Laniisoma_elegans ND2:Laniisoma_elegans CO2:missing
Laniocera_hypopyrra           : 3398 bp (4/4 genes)
  Accessions: COI:Laniocera_hypopyrra CYTB:Laniocera_hypopyrra ND2:Laniocera_hypopyrra CO2:Laniocera_hypopyrra
Pachyramphus_aglaiae          : 3398 bp (2/4 genes)
  Accessions: COI:Pachyramphus_aglaiae CYTB:missing ND2:Pachyramphus_aglaiae CO2:missing
Pachyramphus_cinnamomeus      : 3398 bp (2/4 genes)
  Accessions: COI:Pachyramphus_cinnamomeus CYTB:missing ND2:Pachyramphus_cinnamomeus CO2:missing
Pachyramphus_marginatus       : 3398 bp (3/4 genes)
  Accessions: COI:Pachyramphus_marginatus CYTB:missing ND2:Pachyramphus_marginatus CO2:Pachyramphus_marginatus
Pachyramphus_minor            : 3398 bp (2/4 genes)
  Accessions: COI:Pachyramphus_minor CYTB:missing ND2:Pachyramphus_minor CO2:missing
Pachyramphus_polychopterus    : 3398 bp (3/4 genes)
  Accessions: COI:Pachyramphus_polychopterus CYTB:Pachyramphus_polychopterus ND2:Pachyramphus_polychopterus CO2:missing
Pachyramphus_rufus            : 3398 bp (2/4 genes)
  Accessions: COI:Pachyramphus_rufus CYTB:missing ND2:Pachyramphus_rufus CO2:missing
Pachyramphus_surinamus        : 3398 bp (2/4 genes)
  Accessions: COI:Pachyramphus_surinamus CYTB:missing ND2:Pachyramphus_surinamus CO2:missing
Pachyramphus_validus          : 3398 bp (2/4 genes)
  Accessions: COI:Pachyramphus_validus CYTB:missing ND2:Pachyramphus_validus CO2:missing
Pachyramphus_versicolor       : 3398 bp (2/4 genes)
  Accessions: COI:Pachyramphus_versicolor CYTB:missing ND2:Pachyramphus_versicolor CO2:missing
Pachyramphus_viridis          : 3398 bp (2/4 genes)
  Accessions: COI:Pachyramphus_viridis CYTB:missing ND2:Pachyramphus_viridis_griseigularis CO2:missing
Pachyramphus_xanthogenys      : 3398 bp (3/4 genes)
  Accessions: COI:Pachyramphus_xanthogenys CYTB:Pachyramphus_xanthogenys ND2:Pachyramphus_xanthogenys CO2:missing
Schiffornis_major             : 3398 bp (3/4 genes)
  Accessions: COI:Schiffornis_major CYTB:Schiffornis_major ND2:Schiffornis_major CO2:missing
Schiffornis_turdina           : 3398 bp (4/4 genes)
  Accessions: COI:Schiffornis_turdina CYTB:Schiffornis_turdina ND2:Schiffornis_turdina CO2:Schiffornis_turdina
Schiffornis_virescens         : 3398 bp (3/4 genes)
  Accessions: COI:Schiffornis_virescens CYTB:Schiffornis_virescens ND2:Schiffornis_virescens CO2:missing
Tityra_cayana                 : 3398 bp (3/4 genes)
  Accessions: COI:Tityra_cayana CYTB:Tityra_cayana ND2:Tityra_cayana CO2:missing
Tityra_inquisitor             : 3398 bp (3/4 genes)
  Accessions: COI:Tityra_inquisitor CYTB:Tityra_inquisitor ND2:Tityra_inquisitor CO2:missing
Tityra_leucura                : 3398 bp (4/4 genes)
  Accessions: COI:Tityra_leucura CYTB:Tityra_leucura ND2:Tityra_leucura CO2:Tityra_leucura
Tityra_semifasciata           : 3398 bp (4/4 genes)
  Accessions: COI:Tityra_semifasciata CYTB:Tityra_semifasciata ND2:Tityra_semifasciata CO2:Tityra_semifasciata
Xenopsaris_albinucha          : 3398 bp (2/4 genes)
  Accessions: COI:Xenopsaris_albinucha CYTB:missing ND2:Xenopsaris_albinucha CO2:missing

Concatenated sequences written to: /media/inter/mkapun/projects/Tityra/results/concatenated_genes_assembly/concatenated_all_genes.fasta
Total sequences: 24
Concatenated length: 3398 bp
Partition file written to: /media/inter/mkapun/projects/Tityra/results/concatenated_genes_assembly/partitions.txt

===================================================================
Concatenation completed
Completed: Mi Apr 29 09:58:57 CEST 2026
===================================================================
===================================================================
Concatenating Mitochondrial Genes by Species (Rawreads-based)
Started: Mi Apr 29 10:00:11 CEST 2026
===================================================================
Using maximum of 4 genes: COI CYTB ND2 CO2
Will ensure at least one species per genus
Will filter out species with >50% missing data (within genus priority)

Checking for aligned gene files...
  ✓ COI: /media/inter/mkapun/projects/Tityra/results/phylogenetic_analysis_rawreads/alignments/COI_aligned_gblocks.fasta
  ✓ CYTB: /media/inter/mkapun/projects/Tityra/results/phylogenetic_analysis_rawreads/alignments/CYTB_aligned_gblocks.fasta
  ✓ ND2: /media/inter/mkapun/projects/Tityra/results/phylogenetic_analysis_rawreads/alignments/ND2_aligned_gblocks.fasta
  ✓ CO2: /media/inter/mkapun/projects/Tityra/results/phylogenetic_analysis_rawreads/alignments/CO2_aligned_gblocks.fasta

Will concatenate 4 genes: COI CYTB ND2 CO2

===================================================================
Building species-level concatenated sequences
===================================================================
Processing 4 genes: COI, CYTB, ND2, CO2

Reading COI...
  COI: 651 bp, 23 species
Reading CYTB...
  CYTB: 1022 bp, 23 species
Reading ND2...
  ND2: 1041 bp, 29 species
Reading CO2...
  CO2: 684 bp, 29 species

===================================================================
Species summary:
===================================================================
Acanthisitta_chloris          :  4/4 genes
Iodopleura_fusca              :  3/4 genes
Iodopleura_isabellae          :  2/4 genes
Laniisoma_elegans             :  3/4 genes
Laniocera_hypopyrra           :  4/4 genes
Pachyramphus_aglaiae          :  2/4 genes
Pachyramphus_albogriseus      :  1/4 genes
Pachyramphus_castaneus        :  1/4 genes
Pachyramphus_cinnamomeus      :  2/4 genes
Pachyramphus_homochrous       :  1/4 genes
Pachyramphus_major            :  1/4 genes
Pachyramphus_marginatus       :  3/4 genes
Pachyramphus_minor            :  2/4 genes
Pachyramphus_polychopterus    :  3/4 genes
Pachyramphus_rufus            :  2/4 genes
Pachyramphus_spodiurus        :  1/4 genes
Pachyramphus_surinamus        :  2/4 genes
Pachyramphus_validus          :  2/4 genes
Pachyramphus_versicolor       :  2/4 genes
Pachyramphus_viridis          :  2/4 genes
Pachyramphus_xanthogenys      :  3/4 genes
Schiffornis_major             :  3/4 genes
Schiffornis_turdina           :  4/4 genes
Schiffornis_virescens         :  3/4 genes
Tityra_cayana                 :  3/4 genes
Tityra_inquisitor             :  3/4 genes
Tityra_leucura                :  4/4 genes
Tityra_semifasciata           :  4/4 genes
Xenopsaris_albinucha          :  2/4 genes

Total species: 29
Species with all genes: 5
Species with ≥50% genes: 24

Filtering strategy: At least one species per genus + species with ≥2.0 genes
Number of genera: 8
Species before filtering: 29
Species after filtering: 24
Excluded 5 species

===================================================================
Creating concatenated sequences
===================================================================
Acanthisitta_chloris          : 3398 bp (4/4 genes)
  Accessions: COI:Acanthisitta_chloris CYTB:Acanthisitta_chloris ND2:Acanthisitta_chloris CO2:Acanthisitta_chloris
Iodopleura_fusca              : 3398 bp (3/4 genes)
  Accessions: COI:Iodopleura_fusca CYTB:Iodopleura_fusca ND2:Iodopleura_fusca CO2:missing
Iodopleura_isabellae          : 3398 bp (2/4 genes)
  Accessions: COI:missing CYTB:missing ND2:Iodopleura_isabellae CO2:Iodopleura_isabellae
Laniisoma_elegans             : 3398 bp (3/4 genes)
  Accessions: COI:Laniisoma_elegans CYTB:Laniisoma_elegans ND2:Laniisoma_elegans CO2:missing
Laniocera_hypopyrra           : 3398 bp (4/4 genes)
  Accessions: COI:Laniocera_hypopyrra CYTB:Laniocera_hypopyrra ND2:Laniocera_hypopyrra CO2:Laniocera_hypopyrra
Pachyramphus_aglaiae          : 3398 bp (2/4 genes)
  Accessions: COI:Pachyramphus_aglaiae CYTB:missing ND2:Pachyramphus_aglaiae CO2:missing
Pachyramphus_cinnamomeus      : 3398 bp (2/4 genes)
  Accessions: COI:Pachyramphus_cinnamomeus CYTB:missing ND2:Pachyramphus_cinnamomeus CO2:missing
Pachyramphus_marginatus       : 3398 bp (3/4 genes)
  Accessions: COI:Pachyramphus_marginatus CYTB:missing ND2:Pachyramphus_marginatus CO2:Pachyramphus_marginatus
Pachyramphus_minor            : 3398 bp (2/4 genes)
  Accessions: COI:Pachyramphus_minor CYTB:missing ND2:Pachyramphus_minor CO2:missing
Pachyramphus_polychopterus    : 3398 bp (3/4 genes)
  Accessions: COI:Pachyramphus_polychopterus CYTB:Pachyramphus_polychopterus ND2:Pachyramphus_polychopterus CO2:missing
Pachyramphus_rufus            : 3398 bp (2/4 genes)
  Accessions: COI:Pachyramphus_rufus CYTB:missing ND2:Pachyramphus_rufus CO2:missing
Pachyramphus_surinamus        : 3398 bp (2/4 genes)
  Accessions: COI:Pachyramphus_surinamus CYTB:missing ND2:Pachyramphus_surinamus CO2:missing
Pachyramphus_validus          : 3398 bp (2/4 genes)
  Accessions: COI:Pachyramphus_validus CYTB:missing ND2:Pachyramphus_validus CO2:missing
Pachyramphus_versicolor       : 3398 bp (2/4 genes)
  Accessions: COI:Pachyramphus_versicolor CYTB:missing ND2:Pachyramphus_versicolor CO2:missing
Pachyramphus_viridis          : 3398 bp (2/4 genes)
  Accessions: COI:Pachyramphus_viridis CYTB:missing ND2:Pachyramphus_viridis_griseigularis CO2:missing
Pachyramphus_xanthogenys      : 3398 bp (3/4 genes)
  Accessions: COI:Pachyramphus_xanthogenys CYTB:Pachyramphus_xanthogenys ND2:Pachyramphus_xanthogenys CO2:missing
Schiffornis_major             : 3398 bp (3/4 genes)
  Accessions: COI:Schiffornis_major CYTB:Schiffornis_major ND2:Schiffornis_major CO2:missing
Schiffornis_turdina           : 3398 bp (4/4 genes)
  Accessions: COI:Schiffornis_turdina CYTB:Schiffornis_turdina ND2:Schiffornis_turdina CO2:Schiffornis_turdina
Schiffornis_virescens         : 3398 bp (3/4 genes)
  Accessions: COI:Schiffornis_virescens CYTB:Schiffornis_virescens ND2:Schiffornis_virescens CO2:missing
Tityra_cayana                 : 3398 bp (3/4 genes)
  Accessions: COI:Tityra_cayana CYTB:Tityra_cayana ND2:Tityra_cayana CO2:missing
Tityra_inquisitor             : 3398 bp (3/4 genes)
  Accessions: COI:Tityra_inquisitor CYTB:Tityra_inquisitor ND2:Tityra_inquisitor CO2:missing
Tityra_leucura                : 3398 bp (4/4 genes)
  Accessions: COI:Tityra_leucura CYTB:Tityra_leucura ND2:Tityra_leucura CO2:Tityra_leucura
Tityra_semifasciata           : 3398 bp (4/4 genes)
  Accessions: COI:Tityra_semifasciata CYTB:Tityra_semifasciata ND2:Tityra_semifasciata CO2:Tityra_semifasciata
Xenopsaris_albinucha          : 3398 bp (2/4 genes)
  Accessions: COI:Xenopsaris_albinucha CYTB:missing ND2:Xenopsaris_albinucha CO2:missing

Concatenated sequences written to: /media/inter/mkapun/projects/Tityra/results/concatenated_genes_assembly/concatenated_all_genes.fasta
Total sequences: 24
Concatenated length: 3398 bp
Partition file written to: /media/inter/mkapun/projects/Tityra/results/concatenated_genes_assembly/partitions.txt

===================================================================
Concatenation completed
Completed: Mi Apr 29 10:00:11 CEST 2026
===================================================================
===================================================================
Concatenating Mitochondrial Genes by Species (Rawreads-based)
Started: Mi Apr 29 10:01:31 CEST 2026
===================================================================
Using maximum of 4 genes: COI CYTB ND2 CO2
Will ensure at least one species per genus
Will filter out species with >50% missing data (within genus priority)

Checking for aligned gene files...
  ✓ COI: /media/inter/mkapun/projects/Tityra/results/phylogenetic_analysis_rawreads/alignments/COI_aligned_gblocks.fasta
  ✓ CYTB: /media/inter/mkapun/projects/Tityra/results/phylogenetic_analysis_rawreads/alignments/CYTB_aligned_gblocks.fasta
  ✓ ND2: /media/inter/mkapun/projects/Tityra/results/phylogenetic_analysis_rawreads/alignments/ND2_aligned_gblocks.fasta
  ✓ CO2: /media/inter/mkapun/projects/Tityra/results/phylogenetic_analysis_rawreads/alignments/CO2_aligned_gblocks.fasta

Will concatenate 4 genes: COI CYTB ND2 CO2

===================================================================
Building species-level concatenated sequences
===================================================================
Processing 4 genes: COI, CYTB, ND2, CO2

Reading COI...
  COI: 651 bp, 23 species
Reading CYTB...
  CYTB: 1022 bp, 23 species
Reading ND2...
  ND2: 1041 bp, 29 species
Reading CO2...
  CO2: 684 bp, 29 species

===================================================================
Species summary:
===================================================================
Acanthisitta_chloris          :  4/4 genes
Iodopleura_fusca              :  3/4 genes
Iodopleura_isabellae          :  2/4 genes
Laniisoma_elegans             :  3/4 genes
Laniocera_hypopyrra           :  4/4 genes
Pachyramphus_aglaiae          :  2/4 genes
Pachyramphus_albogriseus      :  1/4 genes
Pachyramphus_castaneus        :  1/4 genes
Pachyramphus_cinnamomeus      :  2/4 genes
Pachyramphus_homochrous       :  1/4 genes
Pachyramphus_major            :  1/4 genes
Pachyramphus_marginatus       :  3/4 genes
Pachyramphus_minor            :  2/4 genes
Pachyramphus_polychopterus    :  3/4 genes
Pachyramphus_rufus            :  2/4 genes
Pachyramphus_spodiurus        :  1/4 genes
Pachyramphus_surinamus        :  2/4 genes
Pachyramphus_validus          :  2/4 genes
Pachyramphus_versicolor       :  2/4 genes
Pachyramphus_viridis          :  2/4 genes
Pachyramphus_xanthogenys      :  3/4 genes
Schiffornis_major             :  3/4 genes
Schiffornis_turdina           :  4/4 genes
Schiffornis_virescens         :  3/4 genes
Tityra_cayana                 :  3/4 genes
Tityra_inquisitor             :  3/4 genes
Tityra_leucura                :  4/4 genes
Tityra_semifasciata           :  4/4 genes
Xenopsaris_albinucha          :  2/4 genes

Total species: 29
Species with all genes: 5
Species with ≥50% genes: 24

Filtering strategy: At least one species per genus + species with ≥2.0 genes
Number of genera: 8
Species before filtering: 29
Species after filtering: 24
Excluded 5 species

===================================================================
Creating concatenated sequences
===================================================================
Acanthisitta_chloris          : 3398 bp (4/4 genes)
  Accessions: COI:Acanthisitta_chloris CYTB:Acanthisitta_chloris ND2:Acanthisitta_chloris CO2:Acanthisitta_chloris
Iodopleura_fusca              : 3398 bp (3/4 genes)
  Accessions: COI:Iodopleura_fusca CYTB:Iodopleura_fusca ND2:Iodopleura_fusca CO2:missing
Iodopleura_isabellae          : 3398 bp (2/4 genes)
  Accessions: COI:missing CYTB:missing ND2:Iodopleura_isabellae CO2:Iodopleura_isabellae
Laniisoma_elegans             : 3398 bp (3/4 genes)
  Accessions: COI:Laniisoma_elegans CYTB:Laniisoma_elegans ND2:Laniisoma_elegans CO2:missing
Laniocera_hypopyrra           : 3398 bp (4/4 genes)
  Accessions: COI:Laniocera_hypopyrra CYTB:Laniocera_hypopyrra ND2:Laniocera_hypopyrra CO2:Laniocera_hypopyrra
Pachyramphus_aglaiae          : 3398 bp (2/4 genes)
  Accessions: COI:Pachyramphus_aglaiae CYTB:missing ND2:Pachyramphus_aglaiae CO2:missing
Pachyramphus_cinnamomeus      : 3398 bp (2/4 genes)
  Accessions: COI:Pachyramphus_cinnamomeus CYTB:missing ND2:Pachyramphus_cinnamomeus CO2:missing
Pachyramphus_marginatus       : 3398 bp (3/4 genes)
  Accessions: COI:Pachyramphus_marginatus CYTB:missing ND2:Pachyramphus_marginatus CO2:Pachyramphus_marginatus
Pachyramphus_minor            : 3398 bp (2/4 genes)
  Accessions: COI:Pachyramphus_minor CYTB:missing ND2:Pachyramphus_minor CO2:missing
Pachyramphus_polychopterus    : 3398 bp (3/4 genes)
  Accessions: COI:Pachyramphus_polychopterus CYTB:Pachyramphus_polychopterus ND2:Pachyramphus_polychopterus CO2:missing
Pachyramphus_rufus            : 3398 bp (2/4 genes)
  Accessions: COI:Pachyramphus_rufus CYTB:missing ND2:Pachyramphus_rufus CO2:missing
Pachyramphus_surinamus        : 3398 bp (2/4 genes)
  Accessions: COI:Pachyramphus_surinamus CYTB:missing ND2:Pachyramphus_surinamus CO2:missing
Pachyramphus_validus          : 3398 bp (2/4 genes)
  Accessions: COI:Pachyramphus_validus CYTB:missing ND2:Pachyramphus_validus CO2:missing
Pachyramphus_versicolor       : 3398 bp (2/4 genes)
  Accessions: COI:Pachyramphus_versicolor CYTB:missing ND2:Pachyramphus_versicolor CO2:missing
Pachyramphus_viridis          : 3398 bp (2/4 genes)
  Accessions: COI:Pachyramphus_viridis CYTB:missing ND2:Pachyramphus_viridis_griseigularis CO2:missing
Pachyramphus_xanthogenys      : 3398 bp (3/4 genes)
  Accessions: COI:Pachyramphus_xanthogenys CYTB:Pachyramphus_xanthogenys ND2:Pachyramphus_xanthogenys CO2:missing
Schiffornis_major             : 3398 bp (3/4 genes)
  Accessions: COI:Schiffornis_major CYTB:Schiffornis_major ND2:Schiffornis_major CO2:missing
Schiffornis_turdina           : 3398 bp (4/4 genes)
  Accessions: COI:Schiffornis_turdina CYTB:Schiffornis_turdina ND2:Schiffornis_turdina CO2:Schiffornis_turdina
Schiffornis_virescens         : 3398 bp (3/4 genes)
  Accessions: COI:Schiffornis_virescens CYTB:Schiffornis_virescens ND2:Schiffornis_virescens CO2:missing
Tityra_cayana                 : 3398 bp (3/4 genes)
  Accessions: COI:Tityra_cayana CYTB:Tityra_cayana ND2:Tityra_cayana CO2:missing
Tityra_inquisitor             : 3398 bp (3/4 genes)
  Accessions: COI:Tityra_inquisitor CYTB:Tityra_inquisitor ND2:Tityra_inquisitor CO2:missing
Tityra_leucura                : 3398 bp (4/4 genes)
  Accessions: COI:Tityra_leucura CYTB:Tityra_leucura ND2:Tityra_leucura CO2:Tityra_leucura
Tityra_semifasciata           : 3398 bp (4/4 genes)
  Accessions: COI:Tityra_semifasciata CYTB:Tityra_semifasciata ND2:Tityra_semifasciata CO2:Tityra_semifasciata
Xenopsaris_albinucha          : 3398 bp (2/4 genes)
  Accessions: COI:Xenopsaris_albinucha CYTB:missing ND2:Xenopsaris_albinucha CO2:missing

Concatenated sequences written to: /media/inter/mkapun/projects/Tityra/results/concatenated_genes_rawreads/concatenated_all_genes.fasta
Total sequences: 24
Concatenated length: 3398 bp
Partition file written to: /media/inter/mkapun/projects/Tityra/results/concatenated_genes_rawreads/partitions.txt

===================================================================
Concatenation completed
Completed: Mi Apr 29 10:01:32 CEST 2026
===================================================================
===================================================================
Concatenating Mitochondrial Genes by Species (Rawreads-based)
Started: Mi Apr 29 10:02:44 CEST 2026
===================================================================
Using maximum of 4 genes: COI CYTB ND2 CO2
Will ensure at least one species per genus
Will filter out species with >50% missing data (within genus priority)

Checking for aligned gene files...
  ✓ COI: /media/inter/mkapun/projects/Tityra/results/phylogenetic_analysis_rawreads/alignments/COI_aligned_gblocks.fasta
  ✓ CYTB: /media/inter/mkapun/projects/Tityra/results/phylogenetic_analysis_rawreads/alignments/CYTB_aligned_gblocks.fasta
  ✓ ND2: /media/inter/mkapun/projects/Tityra/results/phylogenetic_analysis_rawreads/alignments/ND2_aligned_gblocks.fasta
  ✓ CO2: /media/inter/mkapun/projects/Tityra/results/phylogenetic_analysis_rawreads/alignments/CO2_aligned_gblocks.fasta

Will concatenate 4 genes: COI CYTB ND2 CO2

===================================================================
Building species-level concatenated sequences
===================================================================
Processing 4 genes: COI, CYTB, ND2, CO2

Reading COI...
  COI: 651 bp, 23 species
Reading CYTB...
  CYTB: 1022 bp, 23 species
Reading ND2...
  ND2: 1041 bp, 29 species
Reading CO2...
  CO2: 684 bp, 29 species

===================================================================
Species summary:
===================================================================
Acanthisitta_chloris          :  4/4 genes
Iodopleura_fusca              :  3/4 genes
Iodopleura_isabellae          :  2/4 genes
Laniisoma_elegans             :  3/4 genes
Laniocera_hypopyrra           :  4/4 genes
Pachyramphus_aglaiae          :  2/4 genes
Pachyramphus_albogriseus      :  1/4 genes
Pachyramphus_castaneus        :  1/4 genes
Pachyramphus_cinnamomeus      :  2/4 genes
Pachyramphus_homochrous       :  1/4 genes
Pachyramphus_major            :  1/4 genes
Pachyramphus_marginatus       :  3/4 genes
Pachyramphus_minor            :  2/4 genes
Pachyramphus_polychopterus    :  3/4 genes
Pachyramphus_rufus            :  2/4 genes
Pachyramphus_spodiurus        :  1/4 genes
Pachyramphus_surinamus        :  2/4 genes
Pachyramphus_validus          :  2/4 genes
Pachyramphus_versicolor       :  2/4 genes
Pachyramphus_viridis          :  2/4 genes
Pachyramphus_xanthogenys      :  3/4 genes
Schiffornis_major             :  3/4 genes
Schiffornis_turdina           :  4/4 genes
Schiffornis_virescens         :  3/4 genes
Tityra_cayana                 :  3/4 genes
Tityra_inquisitor             :  3/4 genes
Tityra_leucura                :  4/4 genes
Tityra_semifasciata           :  4/4 genes
Xenopsaris_albinucha          :  2/4 genes

Total species: 29
Species with all genes: 5
Species with ≥50% genes: 24

Filtering strategy: At least one species per genus + species with ≥2.0 genes
Number of genera: 8
Species before filtering: 29
Species after filtering: 24
Excluded 5 species

===================================================================
Creating concatenated sequences
===================================================================
Acanthisitta_chloris          : 3398 bp (4/4 genes)
  Accessions: COI:Acanthisitta_chloris|MK262501.1 CYTB:Acanthisitta_chloris|MN356114.1 ND2:Acanthisitta_chloris|MN356114.1 CO2:Acanthisitta_chloris|MN356114.1
Iodopleura_fusca              : 3398 bp (3/4 genes)
  Accessions: COI:Iodopleura_fusca|JQ175163.1 CYTB:Iodopleura_fusca|KJ810467.1 ND2:Iodopleura_fusca|JQ445533.1 CO2:missing
Iodopleura_isabellae          : 3398 bp (2/4 genes)
  Accessions: COI:missing CYTB:missing ND2:Iodopleura_isabellae|JQ445534.1 CO2:Iodopleura_isabellae|AY489475.1
Laniisoma_elegans             : 3398 bp (3/4 genes)
  Accessions: COI:Laniisoma_elegans|EF458614.1 CYTB:Laniisoma_elegans|KJ810468.1 ND2:Laniisoma_elegans|KJ810375.1 CO2:missing
Laniocera_hypopyrra           : 3398 bp (4/4 genes)
  Accessions: COI:Laniocera_hypopyrra|PV402887.1 CYTB:Laniocera_hypopyrra|EF458572.1 ND2:Laniocera_hypopyrra|DQ363976.1 CO2:Laniocera_hypopyrra|AY489474.1
Pachyramphus_aglaiae          : 3398 bp (2/4 genes)
  Accessions: COI:Pachyramphus_aglaiae|DQ433056.1 CYTB:missing ND2:Pachyramphus_aglaiae|DQ363934.1 CO2:missing
Pachyramphus_cinnamomeus      : 3398 bp (2/4 genes)
  Accessions: COI:Pachyramphus_cinnamomeus|JQ175651.2 CYTB:missing ND2:Pachyramphus_cinnamomeus|DQ363938.1 CO2:missing
Pachyramphus_marginatus       : 3398 bp (3/4 genes)
  Accessions: COI:Pachyramphus_marginatus|JQ175654.1 CYTB:missing ND2:Pachyramphus_marginatus|DQ363942.1 CO2:Pachyramphus_marginatus|AY489477.1
Pachyramphus_minor            : 3398 bp (2/4 genes)
  Accessions: COI:Pachyramphus_minor|JQ175655.1 CYTB:missing ND2:Pachyramphus_minor|DQ363944.1 CO2:missing
Pachyramphus_polychopterus    : 3398 bp (3/4 genes)
  Accessions: COI:Pachyramphus_polychopterus|JQ175659.1 CYTB:Pachyramphus_polychopterus|KJ810479.1 ND2:Pachyramphus_polychopterus|KF228512.1 CO2:missing
Pachyramphus_rufus            : 3398 bp (2/4 genes)
  Accessions: COI:Pachyramphus_rufus|JQ175662.1 CYTB:missing ND2:Pachyramphus_rufus|DQ363950.1 CO2:missing
Pachyramphus_surinamus        : 3398 bp (2/4 genes)
  Accessions: COI:Pachyramphus_surinamus|JQ175663.1 CYTB:missing ND2:Pachyramphus_surinamus|DQ363952.1 CO2:missing
Pachyramphus_validus          : 3398 bp (2/4 genes)
  Accessions: COI:Pachyramphus_validus|FJ027934.1 CYTB:missing ND2:Pachyramphus_validus|DQ363955.1 CO2:missing
Pachyramphus_versicolor       : 3398 bp (2/4 genes)
  Accessions: COI:Pachyramphus_versicolor|PV403248.1 CYTB:missing ND2:Pachyramphus_versicolor|DQ363957.1 CO2:missing
Pachyramphus_viridis          : 3398 bp (2/4 genes)
  Accessions: COI:Pachyramphus_viridis|FJ027938.1 CYTB:missing ND2:Pachyramphus_viridis_griseigularis|MH161179.1 CO2:missing
Pachyramphus_xanthogenys      : 3398 bp (3/4 genes)
  Accessions: COI:Pachyramphus_xanthogenys|PV402909.1 CYTB:Pachyramphus_xanthogenys|PV391388.1 ND2:Pachyramphus_xanthogenys|DQ363961.1 CO2:missing
Schiffornis_major             : 3398 bp (3/4 genes)
  Accessions: COI:Schiffornis_major|EF458612.1 CYTB:Schiffornis_major|EF458571.1 ND2:Schiffornis_major|GU985513.1 CO2:missing
Schiffornis_turdina           : 3398 bp (4/4 genes)
  Accessions: COI:Schiffornis_turdina|JX487853.1 CYTB:Schiffornis_turdina|KM081058.1 ND2:Schiffornis_turdina|DQ363971.1 CO2:Schiffornis_turdina|AY489478.1
Schiffornis_virescens         : 3398 bp (3/4 genes)
  Accessions: COI:Schiffornis_virescens|FJ028245.1 CYTB:Schiffornis_virescens|JX477712.1 ND2:Schiffornis_virescens|AY136618.1 CO2:missing
Tityra_cayana                 : 3398 bp (3/4 genes)
  Accessions: COI:Tityra_cayana|JQ176494.1 CYTB:Tityra_cayana|KM081392.1 ND2:Tityra_cayana|DQ363964.1 CO2:missing
Tityra_inquisitor             : 3398 bp (3/4 genes)
  Accessions: COI:Tityra_inquisitor|JQ176499.1 CYTB:Tityra_inquisitor|FJ899385.1 ND2:Tityra_inquisitor|DQ363965.1 CO2:missing
Tityra_leucura                : 3398 bp (4/4 genes)
  Accessions: COI:Tityra_leucura|NA CYTB:Tityra_leucura|NA ND2:Tityra_leucura|NA CO2:Tityra_leucura|NA
Tityra_semifasciata           : 3398 bp (4/4 genes)
  Accessions: COI:Tityra_semifasciata|JQ176501.1 CYTB:Tityra_semifasciata|FJ899402.1 ND2:Tityra_semifasciata|FJ175987.1 CO2:Tityra_semifasciata|AY489476.1
Xenopsaris_albinucha          : 3398 bp (2/4 genes)
  Accessions: COI:Xenopsaris_albinucha|JQ176631.1 CYTB:missing ND2:Xenopsaris_albinucha|DQ363962.1 CO2:missing

Concatenated sequences written to: /media/inter/mkapun/projects/Tityra/results/concatenated_genes_rawreads/concatenated_all_genes.fasta
Total sequences: 24
Concatenated length: 3398 bp
Partition file written to: /media/inter/mkapun/projects/Tityra/results/concatenated_genes_rawreads/partitions.txt

===================================================================
Concatenation completed
Completed: Mi Apr 29 10:02:46 CEST 2026
===================================================================
===================================================================
Concatenating Mitochondrial Genes by Species (Rawreads-based)
Started: Fr Mai  1 10:14:49 CEST 2026
===================================================================
Using maximum of 4 genes: COI CYTB ND2 CO2
Will ensure at least one species per genus
Will filter out species with >50% missing data (within genus priority)

Checking for aligned gene files...
  ✓ COI: /media/inter/mkapun/projects/Tityra/results/phylogenetic_analysis_rawreads/alignments/COI_aligned_gblocks.fasta
  ✓ CYTB: /media/inter/mkapun/projects/Tityra/results/phylogenetic_analysis_rawreads/alignments/CYTB_aligned_gblocks.fasta
  ✓ ND2: /media/inter/mkapun/projects/Tityra/results/phylogenetic_analysis_rawreads/alignments/ND2_aligned_gblocks.fasta
  ✓ CO2: /media/inter/mkapun/projects/Tityra/results/phylogenetic_analysis_rawreads/alignments/CO2_aligned_gblocks.fasta

Will concatenate 4 genes: COI CYTB ND2 CO2

===================================================================
Building species-level concatenated sequences
===================================================================
Processing 4 genes: COI, CYTB, ND2, CO2

Reading COI...
  COI: 651 bp, 23 species
Reading CYTB...
  CYTB: 1022 bp, 23 species
Reading ND2...
  ND2: 1041 bp, 29 species
Reading CO2...
  CO2: 684 bp, 29 species

===================================================================
Species summary:
===================================================================
Acanthisitta_chloris          :  4/4 genes
Iodopleura_fusca              :  3/4 genes
Iodopleura_isabellae          :  2/4 genes
Laniisoma_elegans             :  3/4 genes
Laniocera_hypopyrra           :  4/4 genes
Pachyramphus_aglaiae          :  2/4 genes
Pachyramphus_albogriseus      :  1/4 genes
Pachyramphus_castaneus        :  1/4 genes
Pachyramphus_cinnamomeus      :  2/4 genes
Pachyramphus_homochrous       :  1/4 genes
Pachyramphus_major            :  1/4 genes
Pachyramphus_marginatus       :  3/4 genes
Pachyramphus_minor            :  2/4 genes
Pachyramphus_polychopterus    :  3/4 genes
Pachyramphus_rufus            :  2/4 genes
Pachyramphus_spodiurus        :  1/4 genes
Pachyramphus_surinamus        :  2/4 genes
Pachyramphus_validus          :  2/4 genes
Pachyramphus_versicolor       :  2/4 genes
Pachyramphus_viridis          :  2/4 genes
Pachyramphus_xanthogenys      :  3/4 genes
Schiffornis_major             :  3/4 genes
Schiffornis_turdina           :  4/4 genes
Schiffornis_virescens         :  3/4 genes
Tityra_cayana                 :  3/4 genes
Tityra_inquisitor             :  3/4 genes
Tityra_leucura                :  4/4 genes
Tityra_semifasciata           :  4/4 genes
Xenopsaris_albinucha          :  2/4 genes

Total species: 29
Species with all genes: 5
Species with ≥50% genes: 24

Filtering strategy: At least one species per genus + species with ≥2.0 genes
Number of genera: 8
Species before filtering: 29
Species after filtering: 24
Excluded 5 species

===================================================================
Creating concatenated sequences
===================================================================
Acanthisitta_chloris          : 3398 bp (4/4 genes)
  Accessions: COI:Acanthisitta_chloris|MK262501.1 CYTB:Acanthisitta_chloris|MN356114.1 ND2:Acanthisitta_chloris|MN356114.1 CO2:Acanthisitta_chloris|MN356114.1
Iodopleura_fusca              : 3398 bp (3/4 genes)
  Accessions: COI:Iodopleura_fusca|JQ175163.1 CYTB:Iodopleura_fusca|KJ810467.1 ND2:Iodopleura_fusca|JQ445533.1 CO2:missing
Iodopleura_isabellae          : 3398 bp (2/4 genes)
  Accessions: COI:missing CYTB:missing ND2:Iodopleura_isabellae|JQ445534.1 CO2:Iodopleura_isabellae|AY489475.1
Laniisoma_elegans             : 3398 bp (3/4 genes)
  Accessions: COI:Laniisoma_elegans|EF458614.1 CYTB:Laniisoma_elegans|KJ810468.1 ND2:Laniisoma_elegans|KJ810375.1 CO2:missing
Laniocera_hypopyrra           : 3398 bp (4/4 genes)
  Accessions: COI:Laniocera_hypopyrra|PV402887.1 CYTB:Laniocera_hypopyrra|EF458572.1 ND2:Laniocera_hypopyrra|DQ363976.1 CO2:Laniocera_hypopyrra|AY489474.1
Pachyramphus_aglaiae          : 3398 bp (2/4 genes)
  Accessions: COI:Pachyramphus_aglaiae|DQ433056.1 CYTB:missing ND2:Pachyramphus_aglaiae|DQ363934.1 CO2:missing
Pachyramphus_cinnamomeus      : 3398 bp (2/4 genes)
  Accessions: COI:Pachyramphus_cinnamomeus|JQ175651.2 CYTB:missing ND2:Pachyramphus_cinnamomeus|DQ363938.1 CO2:missing
Pachyramphus_marginatus       : 3398 bp (3/4 genes)
  Accessions: COI:Pachyramphus_marginatus|JQ175654.1 CYTB:missing ND2:Pachyramphus_marginatus|DQ363942.1 CO2:Pachyramphus_marginatus|AY489477.1
Pachyramphus_minor            : 3398 bp (2/4 genes)
  Accessions: COI:Pachyramphus_minor|JQ175655.1 CYTB:missing ND2:Pachyramphus_minor|DQ363944.1 CO2:missing
Pachyramphus_polychopterus    : 3398 bp (3/4 genes)
  Accessions: COI:Pachyramphus_polychopterus|JQ175659.1 CYTB:Pachyramphus_polychopterus|KJ810479.1 ND2:Pachyramphus_polychopterus|KF228512.1 CO2:missing
Pachyramphus_rufus            : 3398 bp (2/4 genes)
  Accessions: COI:Pachyramphus_rufus|JQ175662.1 CYTB:missing ND2:Pachyramphus_rufus|DQ363950.1 CO2:missing
Pachyramphus_surinamus        : 3398 bp (2/4 genes)
  Accessions: COI:Pachyramphus_surinamus|JQ175663.1 CYTB:missing ND2:Pachyramphus_surinamus|DQ363952.1 CO2:missing
Pachyramphus_validus          : 3398 bp (2/4 genes)
  Accessions: COI:Pachyramphus_validus|FJ027934.1 CYTB:missing ND2:Pachyramphus_validus|DQ363955.1 CO2:missing
Pachyramphus_versicolor       : 3398 bp (2/4 genes)
  Accessions: COI:Pachyramphus_versicolor|PV403248.1 CYTB:missing ND2:Pachyramphus_versicolor|DQ363957.1 CO2:missing
Pachyramphus_viridis          : 3398 bp (2/4 genes)
  Accessions: COI:Pachyramphus_viridis|FJ027938.1 CYTB:missing ND2:Pachyramphus_viridis_griseigularis|MH161179.1 CO2:missing
Pachyramphus_xanthogenys      : 3398 bp (3/4 genes)
  Accessions: COI:Pachyramphus_xanthogenys|PV402909.1 CYTB:Pachyramphus_xanthogenys|PV391388.1 ND2:Pachyramphus_xanthogenys|DQ363961.1 CO2:missing
Schiffornis_major             : 3398 bp (3/4 genes)
  Accessions: COI:Schiffornis_major|EF458612.1 CYTB:Schiffornis_major|EF458571.1 ND2:Schiffornis_major|GU985513.1 CO2:missing
Schiffornis_turdina           : 3398 bp (4/4 genes)
  Accessions: COI:Schiffornis_turdina|JX487853.1 CYTB:Schiffornis_turdina|KM081058.1 ND2:Schiffornis_turdina|DQ363971.1 CO2:Schiffornis_turdina|AY489478.1
Schiffornis_virescens         : 3398 bp (3/4 genes)
  Accessions: COI:Schiffornis_virescens|FJ028245.1 CYTB:Schiffornis_virescens|JX477712.1 ND2:Schiffornis_virescens|AY136618.1 CO2:missing
Tityra_cayana                 : 3398 bp (3/4 genes)
  Accessions: COI:Tityra_cayana|JQ176494.1 CYTB:Tityra_cayana|KM081392.1 ND2:Tityra_cayana|DQ363964.1 CO2:missing
Tityra_inquisitor             : 3398 bp (3/4 genes)
  Accessions: COI:Tityra_inquisitor|JQ176499.1 CYTB:Tityra_inquisitor|FJ899385.1 ND2:Tityra_inquisitor|DQ363965.1 CO2:missing
Tityra_leucura                : 3398 bp (4/4 genes)
  Accessions: COI:Tityra_leucura|NA CYTB:Tityra_leucura|NA ND2:Tityra_leucura|NA CO2:Tityra_leucura|NA
Tityra_semifasciata           : 3398 bp (4/4 genes)
  Accessions: COI:Tityra_semifasciata|JQ176501.1 CYTB:Tityra_semifasciata|FJ899402.1 ND2:Tityra_semifasciata|FJ175987.1 CO2:Tityra_semifasciata|AY489476.1
Xenopsaris_albinucha          : 3398 bp (2/4 genes)
  Accessions: COI:Xenopsaris_albinucha|JQ176631.1 CYTB:missing ND2:Xenopsaris_albinucha|DQ363962.1 CO2:missing

Concatenated sequences written to: /media/inter/mkapun/projects/Tityra/results/concatenated_genes_rawreads/concatenated_all_genes.fasta
Total sequences: 24
Concatenated length: 3398 bp
Partition file written to: /media/inter/mkapun/projects/Tityra/results/concatenated_genes_rawreads/partitions.txt

===================================================================
Concatenation completed
Completed: Fr Mai  1 10:14:49 CEST 2026
===================================================================
