===================================================================
STEP 4: Multi-Species Phylogeny with Tityra Consensus
===================================================================
Finding species with BUSCO data...
Found 14 species with BUSCO data:
Acanthisitta_chloris
Cephalopterus_ornatus
Grallaria_varia
Manacus_vitellinus
Mionectes_macconnelli
Neopipo_cinnamomea
Onychorhynchus_coronatus
Oxyruncus_cristatus
Pachyramphus_minor
Piprites_chloris
Pitta_sordida
Tachuris_rubrigastra
Tityra_leucura
Tyrannus_savana

===================================================================
Finding BUSCO genes present in all 14 species
===================================================================
Found 208 BUSCO genes present in all 14 species
Filtering to genes with Tityra consensus sequences...
Final gene set: 10 genes with Tityra consensus

===================================================================
Building Individual Gene Trees
===================================================================
Failed: 19258at8782
Failed: 20738at8782
Failed: 22714at8782
Failed: 36324at8782
Failed: 49916at8782
Failed: 25101at8782
Failed: 48448at8782
Failed: 43428at8782
Failed: 47391at8782
Failed: 38877at8782

===================================================================
Building Concatenated Species Tree
===================================================================
Concatenating 10 genes for 15 species
Concatenated alignment length: 8685 bp (10 genes)
Species: 15
✗ ERROR: Sequences have different lengths!
  Acanthisitta_chloris: 8685 bp
  Cephalopterus_ornatus: 9447 bp
  Grallaria_varia: 9507 bp
  Manacus_vitellinus: 9384 bp
  Mionectes_macconnelli: 9402 bp
  Neopipo_cinnamomea: 9360 bp
  Onychorhynchus_coronatus: 9423 bp
  Oxyruncus_cristatus: 9408 bp
  Pachyramphus_minor: 10062 bp
  Piprites_chloris: 9786 bp
  Pitta_sordida: 9933 bp
  Tachuris_rubrigastra: 9630 bp
  Tityra_leucura: 20968 bp
  Tyrannus_savana: 9393 bp
Building concatenated species tree with RAxML...

RAxML can't, parse the alignment file as phylip file 
it will now try to parse it as FASTA file

Fasta parsing error, RAxML expects an alignment.
the sequence before taxon >Grallaria_varia
: seems to have a different length
✗ ERROR: Concatenated tree building failed
Check RAxML output above for errors

===================================================================
STEP 4 Complete
===================================================================
Species included: 14 + Tityra_leucura
Genes analyzed: 10

Results:
  - Individual gene trees: /media/inter/mkapun/projects/Tityra/results/phylogeny_tityra/individual_trees/
  - Gene alignments: /media/inter/mkapun/projects/Tityra/results/phylogeny_tityra/gene_alignments/
  - Concatenated alignment: /media/inter/mkapun/projects/Tityra/results/phylogeny_tityra/concatenated/concatenated.fasta
  - Species tree: /media/inter/mkapun/projects/Tityra/results/phylogeny_tityra/concatenated/RAxML_bestTree.concatenated
===================================================================
