===================================================================
STEP 4: Integrating Tityra Consensus into Phylogeny
===================================================================
Tityra consensus sequences: 500
Reference alignments: 8100
Finding overlapping genes...
Overlapping genes: 500

===================================================================
Adding Tityra to Alignments and Building Trees
===================================================================
Completed: 13983at8782
Completed: 10209at8782
Completed: 11344at8782
Completed: 11111at8782
Completed: 11432at8782
Completed: 13056at8782
Completed: 13277at8782
Completed: 14844at8782
Completed: 16103at8782
Completed: 17042at8782
Completed: 14687at8782
Completed: 15639at8782
Completed: 16326at8782
Completed: 16847at8782
Completed: 14918at8782
Completed: 11667at8782
Completed: 13958at8782
Completed: 16226at8782
Completed: 11296at8782
Completed: 13332at8782
Completed: 12620at8782
Completed: 17468at8782
Completed: 14004at8782
Completed: 10208at8782
Completed: 17062at8782
Completed: 14400at8782
Completed: 1163at8782
Completed: 15255at8782
Completed: 13172at8782
Completed: 15518at8782
Completed: 11300at8782
Completed: 12728at8782
Completed: 16993at8782
Completed: 12913at8782
Completed: 12828at8782
Completed: 17068at8782
Completed: 12383at8782
Completed: 17193at8782
Completed: 16115at8782
Completed: 15312at8782
Completed: 17821at8782
Completed: 16289at8782
Completed: 11268at8782
Completed: 17547at8782
Completed: 16424at8782
Completed: 19055at8782
Completed: 11663at8782
Completed: 18618at8782
Completed: 17725at8782
Completed: 13079at8782
Completed: 16133at8782
Completed: 17551at8782
Completed: 17370at8782
Completed: 19035at8782
Completed: 19126at8782
Completed: 19744at8782
Completed: 19075at8782
Completed: 18638at8782
Completed: 15727at8782
Completed: 20551at8782
Completed: 19569at8782
Completed: 20733at8782
Completed: 19208at8782
Completed: 21632at8782
Completed: 18777at8782
Completed: 21370at8782
Completed: 19311at8782
Completed: 21653at8782
Completed: 20752at8782
Completed: 22562at8782
Completed: 18807at8782
Completed: 19957at8782
Completed: 20738at8782
Completed: 21537at8782
Completed: 20711at8782
Completed: 19258at8782
Completed: 22421at8782
Completed: 22852at8782
Completed: 22192at8782
Completed: 21086at8782
Completed: 22969at8782
Completed: 23146at8782
Completed: 17864at8782
Completed: 21885at8782
Completed: 15722at8782
Completed: 21876at8782
Completed: 22748at8782
Completed: 21305at8782
Completed: 19460at8782
Completed: 24627at8782
Completed: 20867at8782
Completed: 22412at8782
Completed: 23161at8782
Completed: 24005at8782
Completed: 21658at8782
Completed: 24458at8782
Completed: 25611at8782
Completed: 20993at8782
Completed: 25434at8782
Completed: 23748at8782
Completed: 22760at8782
Completed: 25060at8782
Completed: 24512at8782
Completed: 18040at8782
Completed: 23767at8782
Completed: 22972at8782
Completed: 17158at8782
Completed: 25319at8782
Completed: 24140at8782
Completed: 24759at8782
Completed: 23484at8782
Completed: 26460at8782
Completed: 24793at8782
Completed: 23254at8782
Completed: 25558at8782
Completed: 25657at8782
Completed: 24520at8782
Completed: 27685at8782
Completed: 25101at8782
Completed: 25153at8782
Completed: 26062at8782
Completed: 25958at8782
Completed: 26957at8782
Completed: 27677at8782
Completed: 29037at8782
Completed: 22714at8782
Completed: 26149at8782
Completed: 28142at8782
Completed: 25697at8782
Completed: 27656at8782
Completed: 24878at8782
Completed: 28903at8782
Completed: 27633at8782
Completed: 29744at8782
Completed: 27417at8782
Completed: 28280at8782
Completed: 25983at8782
Completed: 27722at8782
Completed: 24528at8782
Completed: 23821at8782
Completed: 28897at8782
Completed: 29599at8782
Completed: 29909at8782
Completed: 29029at8782
Completed: 29466at8782
Completed: 29521at8782
Completed: 28865at8782
Completed: 28645at8782
Completed: 2773at8782
Completed: 30159at8782
Completed: 27404at8782
Completed: 30032at8782
Completed: 2696at8782
Completed: 28969at8782
Completed: 30463at8782
Completed: 30520at8782
Completed: 24604at8782
Completed: 30158at8782
Completed: 30582at8782
Completed: 28265at8782
Completed: 30427at8782
Completed: 30948at8782
Completed: 31664at8782
Completed: 23328at8782
Completed: 30939at8782
Completed: 31405at8782
Completed: 31535at8782
Completed: 30020at8782
Completed: 30252at8782
Completed: 30377at8782
Completed: 32134at8782
Completed: 30574at8782
Completed: 29498at8782
Completed: 29530at8782
Completed: 2912at8782
Completed: 31207at8782
Completed: 31148at8782
Completed: 31806at8782
Completed: 31126at8782
Completed: 31667at8782
Completed: 30747at8782
Completed: 32190at8782
Completed: 27231at8782
Completed: 32336at8782
Completed: 32347at8782
Completed: 30706at8782
Completed: 30910at8782
Completed: 30615at8782
Completed: 29688at8782
Completed: 32604at8782
Completed: 33214at8782
Completed: 31991at8782
Completed: 32623at8782
Completed: 31648at8782
Completed: 32328at8782
Completed: 33005at8782
Completed: 32035at8782
Completed: 32269at8782
Completed: 33346at8782
Completed: 34160at8782
Completed: 32790at8782
Completed: 30153at8782
Completed: 33217at8782
Completed: 32447at8782
Completed: 34221at8782
Completed: 32496at8782
Completed: 33168at8782
Completed: 34565at8782
Completed: 33049at8782
Completed: 33871at8782
Completed: 33705at8782
Completed: 35125at8782
Completed: 34396at8782
Completed: 35728at8782
Completed: 35111at8782
Completed: 32717at8782
Completed: 34843at8782
Completed: 33566at8782
Completed: 34445at8782
Completed: 34664at8782
Completed: 34650at8782
Completed: 34590at8782
Completed: 35396at8782
Completed: 35542at8782
Completed: 34323at8782
Completed: 34068at8782
Completed: 35988at8782
Completed: 36252at8782
Completed: 36366at8782
Completed: 35216at8782
Completed: 37537at8782
Completed: 36964at8782
Completed: 35314at8782
Completed: 36294at8782
Completed: 35469at8782
Completed: 37664at8782
Completed: 35058at8782
Completed: 35917at8782
Completed: 34797at8782
Completed: 35608at8782
Completed: 36423at8782
Completed: 38453at8782
Completed: 3468at8782
Completed: 39222at8782
Completed: 39803at8782
Completed: 3751at8782
Completed: 36577at8782
Completed: 36087at8782
Completed: 36591at8782
Completed: 36335at8782
Completed: 37467at8782
Completed: 36665at8782
Completed: 37968at8782
Completed: 37957at8782
Completed: 38305at8782
Completed: 37993at8782
Completed: 37576at8782
Completed: 38340at8782
Completed: 38936at8782
Completed: 38367at8782
Completed: 40025at8782
Completed: 38921at8782
Completed: 36635at8782
Completed: 36324at8782
Completed: 39632at8782
Completed: 38399at8782
Completed: 38847at8782
Completed: 40691at8782
Completed: 40508at8782
Completed: 39196at8782
Completed: 38877at8782
Completed: 40396at8782
Completed: 39700at8782
Completed: 40148at8782
Completed: 38474at8782
Completed: 38504at8782
Completed: 39034at8782
Completed: 38433at8782
Completed: 37031at8782
Completed: 39297at8782
Completed: 39174at8782
Completed: 40830at8782
Completed: 40358at8782
Completed: 40015at8782
Completed: 40366at8782
Completed: 39915at8782
Completed: 40709at8782
Completed: 40716at8782
Completed: 40954at8782
Completed: 41166at8782
Completed: 38612at8782
Completed: 38517at8782
Completed: 41072at8782
Completed: 40873at8782
Completed: 40583at8782
Completed: 41338at8782
Completed: 41195at8782
Completed: 41135at8782
Completed: 41695at8782
Completed: 41049at8782
Completed: 40968at8782
Completed: 42496at8782
Completed: 42990at8782
Completed: 42833at8782
Completed: 41364at8782
Completed: 42951at8782
Completed: 42892at8782
Completed: 40782at8782
Completed: 41479at8782
Completed: 42217at8782
Completed: 41938at8782
Completed: 43923at8782
Completed: 43841at8782
Completed: 42238at8782
Completed: 41641at8782
Completed: 43853at8782
Completed: 41341at8782
Completed: 41666at8782
Completed: 43770at8782
Completed: 41604at8782
Completed: 43867at8782
Completed: 41947at8782
Completed: 42454at8782
Completed: 43297at8782
Completed: 42617at8782
Completed: 43436at8782
Completed: 43428at8782
Completed: 44405at8782
Completed: 43616at8782
Completed: 42736at8782
Completed: 43344at8782
Completed: 44949at8782
Completed: 43500at8782
Completed: 43985at8782
Completed: 41709at8782
Completed: 43179at8782
Completed: 44814at8782
Completed: 45048at8782
Completed: 43663at8782
Completed: 44199at8782
Completed: 44770at8782
Completed: 44241at8782
Completed: 43376at8782
Completed: 43502at8782
Completed: 42528at8782
Completed: 44256at8782
Completed: 4341at8782
Completed: 43724at8782
Completed: 44622at8782
Completed: 44263at8782
Completed: 45210at8782
Completed: 44503at8782
Completed: 4387at8782
Completed: 44639at8782
Completed: 44631at8782
Completed: 47162at8782
Completed: 44614at8782
Completed: 46743at8782
Completed: 44847at8782
Completed: 44454at8782
Completed: 44627at8782
Completed: 45758at8782
Completed: 45095at8782
Completed: 44752at8782
Completed: 44971at8782
Completed: 46023at8782
Completed: 45477at8782
Completed: 45326at8782
Completed: 44859at8782
Completed: 45553at8782
Completed: 45577at8782
Completed: 45625at8782
Completed: 4523at8782
Completed: 46250at8782
Completed: 47002at8782
Completed: 47391at8782
Completed: 45396at8782
Completed: 45256at8782
Completed: 46330at8782
Completed: 46851at8782
Completed: 45661at8782
Completed: 46062at8782
Completed: 47737at8782
Completed: 47266at8782
Completed: 44873at8782
Completed: 48656at8782
Completed: 45465at8782
Completed: 46964at8782
Completed: 46936at8782
Completed: 47944at8782
Completed: 48776at8782
Completed: 46204at8782
Completed: 47432at8782
Completed: 48215at8782
Completed: 49470at8782
Completed: 50235at8782
Completed: 46903at8782
Completed: 47093at8782
Completed: 48813at8782
Completed: 49868at8782
Completed: 46340at8782
Completed: 49916at8782
Completed: 48903at8782
Completed: 50519at8782
Completed: 49656at8782
Completed: 47707at8782
Completed: 48161at8782
Completed: 50276at8782
Completed: 47624at8782
Completed: 47001at8782
Completed: 49746at8782
Completed: 48448at8782
Completed: 47922at8782
Completed: 47406at8782
Completed: 51870at8782
Completed: 51335at8782
Completed: 51696at8782
Completed: 51856at8782
Completed: 51131at8782
Completed: 48270at8782
Completed: 50826at8782
Completed: 51255at8782
Completed: 51847at8782
Completed: 51601at8782
Completed: 47610at8782
Completed: 51269at8782
Completed: 48585at8782
Completed: 50489at8782
Completed: 52068at8782
Completed: 52761at8782
Completed: 48971at8782
Completed: 47883at8782
Completed: 52298at8782
Completed: 53363at8782
Completed: 53306at8782
Completed: 52802at8782
Completed: 49915at8782
Completed: 49825at8782
Completed: 52333at8782
Completed: 52412at8782
Completed: 48976at8782
Completed: 51536at8782
Completed: 51693at8782
Completed: 50577at8782
Completed: 48796at8782
Completed: 48943at8782
Completed: 51669at8782
Completed: 48714at8782
Completed: 50010at8782
Completed: 51309at8782
Completed: 50436at8782
Completed: 52168at8782
Completed: 50131at8782
Completed: 7340at8782
Completed: 52153at8782
Completed: 4984at8782
Completed: 5919at8782
Completed: 5791at8782
Completed: 9655at8782
Completed: 52245at8782
Completed: 53147at8782
Completed: 53151at8782
Completed: 5166at8782
Completed: 6749at8782
Completed: 7850at8782
Completed: 5764at8782
Completed: 53217at8782
Completed: 5330at8782
Completed: 53388at8782
Completed: 53050at8782
Completed: 6855at8782
Completed: 9480at8782
Completed: 6023at8782
Completed: 53727at8782
Completed: 7510at8782
Completed: 7521at8782
Completed: 9815at8782
Completed: 7937at8782
Completed: 8594at8782
Completed: 8224at8782
Completed: 8538at8782
Completed: 8872at8782
Completed: 53435at8782
Completed: 54414at8782
Completed: 9976at8782
Completed: 8461at8782
Completed: 8944at8782
Completed: 723at8782
Completed: 8560at8782

===================================================================
Building Concatenated Tree
===================================================================
Concatenated 500 genes for 5 species

===================================================================
STEP 4 Complete
===================================================================
Individual gene trees: /media/inter/mkapun/projects/Tityra/results/phylogeny_tityra/phylogeny/
Concatenated tree: /media/inter/mkapun/projects/Tityra/results/phylogeny_tityra/concatenated/RAxML_bestTree.concatenated

Key files:
  - /media/inter/mkapun/projects/Tityra/results/phylogeny_tityra/concatenated/RAxML_bestTree.concatenated (main tree)
  - /media/inter/mkapun/projects/Tityra/results/phylogeny_tityra/gene_list.txt (500 genes included)
  - /media/inter/mkapun/projects/Tityra/results/phylogeny_tityra/mafft/ (alignments with Tityra)
===================================================================
