===================================================================
STEP 3: Graph Mapping for Top Genes
===================================================================
Building individual graphs for top genes...
  Built 50 graphs...
  Built 100 graphs...
  Built 150 graphs...
  Built 200 graphs...
  Built 250 graphs...
  Built 300 graphs...
  Built 350 graphs...
  Built 400 graphs...
  Built 450 graphs...
  Built 500 graphs...
Built 500 individual graphs
Joining 500 graphs into mega-graph...
error[load_proto_to_graph]: duplicate rank 1 in path ref1_Pachyramphus_minor
Mega-graph contains ~1500 paths
Indexing XG...
error[VPKG::load_one]: Correct input type not found while loading handlegraph::HandleGraph
Pruning graph...
error:[get_input_file_name] unable to open input file: results/graph_alignment/stage2_graph/top.xg
error[VPKG::load_one]: Could not open results/graph_alignment/stage2_graph/top.xg while loading handlegraph::MutablePathDeletableHandleGraph
Building GCSA index...
error[VPKG::load_one]: Correct input type not found while loading handlegraph::HandleGraph
Mapping paired-end reads to graph...
Error[vg map]: Unable to open xg file "results/graph_alignment/stage2_graph/top.xg"
Appending merged reads...
Error[vg map]: Unable to open xg file "results/graph_alignment/stage2_graph/top.xg"
Packing read coverage...
error[VPKG::load_one]: Could not open results/graph_alignment/stage2_graph/top.xg while loading handlegraph::HandleGraph
Calling variants...
error:[get_input_file_name] unable to open input file: results/graph_alignment/stage2_graph/top.xg
error[VPKG::load_one]: Could not open results/graph_alignment/stage2_graph/top.xg to determine file type
rm: das Entfernen von 'results/graph_alignment/stage2_graph/top.pack' ist nicht möglich: Datei oder Verzeichnis nicht gefunden
Filtering variants (DP>5)...
Failed to read from results/graph_alignment/stage2_graph/top_raw.vcf: unknown file type
Compressing and indexing VCF...
[bgzip] No such file or directory: results/graph_alignment/stage2_graph/top_filtered.vcf
[tabix] the compression of 'results/graph_alignment/stage2_graph/top.vcf.gz' is not BGZF
rm: das Entfernen von 'results/graph_alignment/stage2_graph/top_filtered.vcf' ist nicht möglich: Datei oder Verzeichnis nicht gefunden

Generating consensus sequences...
Failed to read from results/graph_alignment/stage2_graph/top.vcf.gz: unknown file type

Processed: 0 genes
Skipped: 0 genes

Translating to proteins...
Translation complete: 0 genes, 0 skipped

===================================================================
STEP 3 Complete
Consensus sequences: 0
Protein sequences: 0
===================================================================
